Archive member included to satisfy reference by file (symbol)

../../libDaisy//build/libdaisy.a(daisy_pod.o)
                              build/Application.o (daisy::DaisyPod::StartAudio(void (*)(float const* const*, float**, unsigned int)))
../../libDaisy//build/libdaisy.a(daisy_seed.o)
                              ../../libDaisy//build/libdaisy.a(daisy_pod.o) (daisy::DaisySeed::Configure())
../../libDaisy//build/libdaisy.a(codec_ak4556.o)
                              ../../libDaisy//build/libdaisy.a(daisy_seed.o) (daisy::Ak4556::Init(dsy_gpio_pin))
../../libDaisy//build/libdaisy.a(codec_wm8731.o)
                              ../../libDaisy//build/libdaisy.a(daisy_seed.o) (daisy::Wm8731::Init(daisy::Wm8731::Config const&, daisy::I2CHandle))
../../libDaisy//build/libdaisy.a(sdram.o)
                              ../../libDaisy//build/libdaisy.a(daisy_seed.o) (SdramHandle::Init())
../../libDaisy//build/libdaisy.a(audio.o)
                              ../../libDaisy//build/libdaisy.a(daisy_seed.o) (daisy::AudioHandle::Init(daisy::AudioHandle::Config const&, daisy::SaiHandle))
../../libDaisy//build/libdaisy.a(ctrl.o)
                              ../../libDaisy//build/libdaisy.a(daisy_pod.o) (daisy::AnalogControl::Init(unsigned short*, float, bool, bool, float))
../../libDaisy//build/libdaisy.a(encoder.o)
                              ../../libDaisy//build/libdaisy.a(daisy_pod.o) (daisy::Encoder::Init(dsy_gpio_pin, dsy_gpio_pin, dsy_gpio_pin, float))
../../libDaisy//build/libdaisy.a(logger.o)
                              build/Controller.o (daisy::Logger<(daisy::LoggerDestination)1>::Print(char const*, ...))
../../libDaisy//build/libdaisy.a(midi.o)
                              build/Application.o (daisy::MidiUartTransport::Config::Config())
../../libDaisy//build/libdaisy.a(midi_parser.o)
                              ../../libDaisy//build/libdaisy.a(daisy_pod.o) (daisy::MidiParser::Reset())
../../libDaisy//build/libdaisy.a(rgb_led.o)
                              ../../libDaisy//build/libdaisy.a(daisy_pod.o) (daisy::RgbLed::Init(dsy_gpio_pin, dsy_gpio_pin, dsy_gpio_pin, bool))
../../libDaisy//build/libdaisy.a(switch.o)
                              ../../libDaisy//build/libdaisy.a(daisy_pod.o) (daisy::Switch::Init(dsy_gpio_pin, float))
../../libDaisy//build/libdaisy.a(usb.o)
                              ../../libDaisy//build/libdaisy.a(logger.o) (daisy::UsbHandle::Init(daisy::UsbHandle::UsbPeriph))
../../libDaisy//build/libdaisy.a(adc.o)
                              ../../libDaisy//build/libdaisy.a(daisy_pod.o) (daisy::AdcChannelConfig::InitSingle(dsy_gpio_pin, daisy::AdcChannelConfig::ConversionSpeed))
../../libDaisy//build/libdaisy.a(gpio.o)
                              ../../libDaisy//build/libdaisy.a(daisy_seed.o) (daisy::GPIO::Init(daisy::Pin, daisy::GPIO::Mode, daisy::GPIO::Pull, daisy::GPIO::Speed))
../../libDaisy//build/libdaisy.a(i2c.o)
                              ../../libDaisy//build/libdaisy.a(daisy_seed.o) (daisy::I2CHandle::Init(daisy::I2CHandle::Config const&))
../../libDaisy//build/libdaisy.a(qspi.o)
                              ../../libDaisy//build/libdaisy.a(daisy_seed.o) (daisy::QSPIHandle::Init(daisy::QSPIHandle::Config const&))
../../libDaisy//build/libdaisy.a(sai.o)
                              ../../libDaisy//build/libdaisy.a(daisy_seed.o) (daisy::SaiHandle::Init(daisy::SaiHandle::Config const&))
../../libDaisy//build/libdaisy.a(uart.o)
                              ../../libDaisy//build/libdaisy.a(daisy_pod.o) (daisy::UartHandler::Init(daisy::UartHandler::Config const&))
../../libDaisy//build/libdaisy.a(dma.o)
                              ../../libDaisy//build/libdaisy.a(uart.o) (dsy_dma_invalidate_cache_for_buffer)
../../libDaisy//build/libdaisy.a(system.o)
                              ../../libDaisy//build/libdaisy.a(daisy_seed.o) (daisy::System::DeInit())
../../libDaisy//build/libdaisy.a(system_stm32h7xx.o)
                              build/startup_stm32h750xx.o (SystemInit)
../../libDaisy//build/libdaisy.a(usbd_cdc_if.o)
                              ../../libDaisy//build/libdaisy.a(usb.o) (CDC_Transmit_FS)
../../libDaisy//build/libdaisy.a(usbd_conf.o)
                              ../../libDaisy//build/libdaisy.a(system.o) (hpcd_USB_OTG_HS)
../../libDaisy//build/libdaisy.a(usbd_desc.o)
                              ../../libDaisy//build/libdaisy.a(usb.o) (HS_Desc)
../../libDaisy//build/libdaisy.a(usbh_conf.o)
                              ../../libDaisy//build/libdaisy.a(system.o) (hhcd_USB_OTG_HS)
../../libDaisy//build/libdaisy.a(color.o)
                              build/Application.o (daisy::Color::Init(daisy::Color::PresetColor))
../../libDaisy//build/libdaisy.a(hal_map.o)
                              ../../libDaisy//build/libdaisy.a(gpio.o) (dsy_hal_map_get_port)
../../libDaisy//build/libdaisy.a(stm32h7xx_hal.o)
                              ../../libDaisy//build/libdaisy.a(system.o) (HAL_Init)
../../libDaisy//build/libdaisy.a(stm32h7xx_hal_adc.o)
[...]
Memory Configuration

Name             Origin             Length             Attributes
FLASH            0x0000000008000000 0x0000000000020000 xr
DTCMRAM          0x0000000020000000 0x0000000000020000 xrw
SRAM             0x0000000024000000 0x0000000000080000 xrw
RAM_D2           0x0000000030000000 0x0000000000048000 xrw
RAM_D3           0x0000000038000000 0x0000000000010000 xrw
BACKUP_SRAM      0x0000000038800000 0x0000000000001000 xrw
ITCMRAM          0x0000000000000000 0x0000000000010000 xrw
SDRAM            0x00000000c0000000 0x0000000004000000 xrw
QSPIFLASH        0x0000000090000000 0x0000000000800000 xr
*default*        0x0000000000000000 0xffffffffffffffff

Linker script and memory map

LOAD /Library/DaisyToolchain/0.2.0/arm/bin/../lib/gcc/arm-none-eabi/10.3.1/thumb/v7e-m+dp/hard/crti.o
LOAD /Library/DaisyToolchain/0.2.0/arm/bin/../lib/gcc/arm-none-eabi/10.3.1/thumb/v7e-m+dp/hard/crtbegin.o
LOAD /Library/DaisyToolchain/0.2.0/arm/bin/../lib/gcc/arm-none-eabi/10.3.1/../../../../arm-none-eabi/lib/thumb/v7e-m+dp/hard/crt0.o
LOAD build/startup_stm32h750xx.o
LOAD build/Application.o
LOAD build/Controller.o
LOAD build/Equalizer.o
LOAD ../../libDaisy//build/libdaisy.a
LOAD /Library/DaisyToolchain/0.2.0/arm/bin/../lib/gcc/arm-none-eabi/10.3.1/../../../../arm-none-eabi/lib/thumb/v7e-m+dp/hard/libnosys.a
LOAD ../../DaisySP//build/libdaisysp.a
LOAD /Library/DaisyToolchain/0.2.0/arm/bin/../lib/gcc/arm-none-eabi/10.3.1/../../../../arm-none-eabi/lib/thumb/v7e-m+dp/hard/libstdc++_nano.a
LOAD /Library/DaisyToolchain/0.2.0/arm/bin/../lib/gcc/arm-none-eabi/10.3.1/../../../../arm-none-eabi/lib/thumb/v7e-m+dp/hard/libm.a
LOAD /Library/DaisyToolchain/0.2.0/arm/bin/../lib/gcc/arm-none-eabi/10.3.1/../../../../arm-none-eabi/lib/thumb/v7e-m+dp/hard/libc_nano.a
START GROUP
LOAD /Library/DaisyToolchain/0.2.0/arm/bin/../lib/gcc/arm-none-eabi/10.3.1/thumb/v7e-m+dp/hard/libgcc.a
LOAD /Library/DaisyToolchain/0.2.0/arm/bin/../lib/gcc/arm-none-eabi/10.3.1/../../../../arm-none-eabi/lib/thumb/v7e-m+dp/hard/libc_nano.a
END GROUP
START GROUP
LOAD /Library/DaisyToolchain/0.2.0/arm/bin/../lib/gcc/arm-none-eabi/10.3.1/thumb/v7e-m+dp/hard/libgcc.a
LOAD /Library/DaisyToolchain/0.2.0/arm/bin/../lib/gcc/arm-none-eabi/10.3.1/../../../../arm-none-eabi/lib/thumb/v7e-m+dp/hard/libc_nano.a
LOAD /Library/DaisyToolchain/0.2.0/arm/bin/../lib/gcc/arm-none-eabi/10.3.1/../../../../arm-none-eabi/lib/thumb/v7e-m+dp/hard/libnosys.a
END GROUP
START GROUP
LOAD /Library/DaisyToolchain/0.2.0/arm/bin/../lib/gcc/arm-none-eabi/10.3.1/thumb/v7e-m+dp/hard/libgcc.a
LOAD /Library/DaisyToolchain/0.2.0/arm/bin/../lib/gcc/arm-none-eabi/10.3.1/../../../../arm-none-eabi/lib/thumb/v7e-m+dp/hard/libc_nano.a
LOAD /Library/DaisyToolchain/0.2.0/arm/bin/../lib/gcc/arm-none-eabi/10.3.1/../../../../arm-none-eabi/lib/thumb/v7e-m+dp/hard/libnosys.a
END GROUP
LOAD /Library/DaisyToolchain/0.2.0/arm/bin/../lib/gcc/arm-none-eabi/10.3.1/thumb/v7e-m+dp/hard/crtend.o
LOAD /Library/DaisyToolchain/0.2.0/arm/bin/../lib/gcc/arm-none-eabi/10.3.1/thumb/v7e-m+dp/hard/crtn.o
                0x0000000020020000                _estack = 0x20020000

.isr_vector     0x0000000008000000      0x298
                0x0000000008000000                . = ALIGN (0x4)
 *(.isr_vector)
 .isr_vector    0x0000000008000000      0x298 build/startup_stm32h750xx.o
                0x0000000008000000                g_pfnVectors
                0x0000000008000298                . = ALIGN (0x4)

.text           0x00000000080002a0    0x19570
                0x00000000080002a0                . = ALIGN (0x4)
                0x00000000080002a0                _stext = .
 *(.text)
 .text          0x00000000080002a0       0x40 /Library/DaisyToolchain/0.2.0/arm/bin/../lib/gcc/arm-none-eabi/10.3.1/thumb/v7e-m+dp/hard/crtbegin.o
 .text          0x00000000080002e0       0x10 /Library/DaisyToolchain/0.2.0/arm/bin/../lib/gcc/arm-none-eabi/10.3.1/../../../../arm-none-eabi/lib/thumb/v7e-m+dp/hard/libc_nano.a(lib_a-strlen.o)
                0x00000000080002e0                strlen
 .text          0x00000000080002f0       0xa0 /Library/DaisyToolchain/0.2.0/arm/bin/../lib/gcc/arm-none-eabi/10.3.1/../../../../arm-none-eabi/lib/thumb/v7e-m+dp/hard/libc_nano.a(lib_a-memchr.o)
                0x00000000080002f0                memchr
 .text          0x0000000008000390      0x378 /Library/DaisyToolchain/0.2.0/arm/bin/../lib/gcc/arm-none-eabi/10.3.1/thumb/v7e-m+dp/hard/libgcc.a(_arm_addsubdf3.o)
                0x0000000008000390                __aeabi_drsub
                0x0000000008000398                __subdf3
                0x0000000008000398                __aeabi_dsub
                0x000000000800039c                __aeabi_dadd
                0x000000000800039c                __adddf3
                0x0000000008000614                __aeabi_ui2d
                0x0000000008000614                __floatunsidf
                0x0000000008000634                __floatsidf
                0x0000000008000634                __aeabi_i2d
                0x0000000008000658                __extendsfdf2
                0x0000000008000658                __aeabi_f2d
                0x000000000800069c                __aeabi_ul2d
                0x000000000800069c                __floatundidf
                0x00000000080006ac                __aeabi_l2d
                0x00000000080006ac                __floatdidf
 .text          0x0000000008000708       0x30 /Library/DaisyToolchain/0.2.0/arm/bin/../lib/gcc/arm-none-eabi/10.3.1/thumb/v7e-m+dp/hard/libgcc.a(_aeabi_uldivmod.o)
                0x0000000008000708                __aeabi_uldivmod
 .text          0x0000000008000738      0x2d0 /Library/DaisyToolchain/0.2.0/arm/bin/../lib/gcc/arm-none-eabi/10.3.1/thumb/v7e-m+dp/hard/libgcc.a(_udivmoddi4.o)
                0x0000000008000738                __udivmoddi4
 .text          0x0000000008000a08        0x4 /Library/DaisyToolchain/0.2.0/arm/bin/../lib/gcc/arm-none-eabi/10.3.1/thumb/v7e-m+dp/hard/libgcc.a(_dvmd_tls.o)
                0x0000000008000a08                __aeabi_ldiv0
                0x0000000008000a08                __aeabi_idiv0
 *(.text*)
 .text.Default_Handler
                0x0000000008000a0c        0x4 build/startup_stm32h750xx.o
                0x0000000008000a0c                SAI1_IRQHandler
                0x0000000008000a0c                HASH_RNG_IRQHandler
                0x0000000008000a0c                EXTI2_IRQHandler
                0x0000000008000a0c                TIM8_CC_IRQHandler
                0x0000000008000a0c                HRTIM1_Master_IRQHandler
                0x0000000008000a0c                DebugMon_Handler
                0x0000000008000a0c                TIM1_CC_IRQHandler
                0x0000000008000a0c                BDMA_Channel6_IRQHandler
                0x0000000008000a0c                DMA2_Stream5_IRQHandler
                0x0000000008000a0c                HRTIM1_FLT_IRQHandler
                0x0000000008000a0c                JPEG_IRQHandler
                0x0000000008000a0c                BDMA_Channel1_IRQHandler
                0x0000000008000a0c                HRTIM1_TIMD_IRQHandler
                0x0000000008000a0c                TAMP_STAMP_IRQHandler
                0x0000000008000a0c                PendSV_Handler
                0x0000000008000a0c                NMI_Handler
                0x0000000008000a0c                EXTI3_IRQHandler
                0x0000000008000a0c                LPTIM4_IRQHandler
                0x0000000008000a0c                TIM8_TRG_COM_TIM14_IRQHandler
                0x0000000008000a0c                LPTIM2_IRQHandler
                0x0000000008000a0c                DFSDM1_FLT1_IRQHandler
                0x0000000008000a0c                DMAMUX2_OVR_IRQHandler
                0x0000000008000a0c                TIM8_UP_TIM13_IRQHandler
                0x0000000008000a0c                I2C3_ER_IRQHandler
                0x0000000008000a0c                DFSDM1_FLT2_IRQHandler
                0x0000000008000a0c                MDMA_IRQHandler
                0x0000000008000a0c                LPTIM3_IRQHandler
                0x0000000008000a0c                HSEM1_IRQHandler
                0x0000000008000a0c                EXTI0_IRQHandler
                0x0000000008000a0c                FPU_IRQHandler
                0x0000000008000a0c                OTG_HS_WKUP_IRQHandler
                0x0000000008000a0c                FDCAN1_IT1_IRQHandler
                0x0000000008000a0c                UsageFault_Handler
                0x0000000008000a0c                LTDC_ER_IRQHandler
                0x0000000008000a0c                HRTIM1_TIME_IRQHandler
                0x0000000008000a0c                TIM6_DAC_IRQHandler
                0x0000000008000a0c                DCMI_IRQHandler
                0x0000000008000a0c                HRTIM1_TIMC_IRQHandler
                0x0000000008000a0c                SAI2_IRQHandler
                0x0000000008000a0c                DFSDM1_FLT3_IRQHandler
                0x0000000008000a0c                TIM17_IRQHandler
                0x0000000008000a0c                CRYP_IRQHandler
                0x0000000008000a0c                BDMA_Channel7_IRQHandler
                0x0000000008000a0c                LPTIM5_IRQHandler
                0x0000000008000a0c                ADC3_IRQHandler
                0x0000000008000a0c                DMA2_Stream0_IRQHandler
                0x0000000008000a0c                BDMA_Channel2_IRQHandler
                0x0000000008000a0c                DMAMUX1_OVR_IRQHandler
                0x0000000008000a0c                TIM16_IRQHandler
                0x0000000008000a0c                BDMA_Channel5_IRQHandler
                0x0000000008000a0c                RCC_IRQHandler
                0x0000000008000a0c                TIM8_BRK_TIM12_IRQHandler
                0x0000000008000a0c                TIM1_TRG_COM_IRQHandler
                0x0000000008000a0c                Default_Handler
                0x0000000008000a0c                ECC_IRQHandler
                0x0000000008000a0c                CEC_IRQHandler
                0x0000000008000a0c                EXTI15_10_IRQHandler
                0x0000000008000a0c                BDMA_Channel0_IRQHandler
                0x0000000008000a0c                ADC_IRQHandler
                0x0000000008000a0c                DMA1_Stream7_IRQHandler
                0x0000000008000a0c                HRTIM1_TIMA_IRQHandler
                0x0000000008000a0c                TIM7_IRQHandler
                0x0000000008000a0c                SDMMC1_IRQHandler
                0x0000000008000a0c                DMA2_Stream7_IRQHandler
                0x0000000008000a0c                TIM15_IRQHandler
                0x0000000008000a0c                PVD_AVD_IRQHandler
                0x0000000008000a0c                EXTI9_5_IRQHandler
                0x0000000008000a0c                RTC_WKUP_IRQHandler
                0x0000000008000a0c                LTDC_IRQHandler
                0x0000000008000a0c                SAI3_IRQHandler
                0x0000000008000a0c                ETH_WKUP_IRQHandler
                0x0000000008000a0c                SPDIF_RX_IRQHandler
                0x0000000008000a0c                MemManage_Handler
                0x0000000008000a0c                SVC_Handler
                0x0000000008000a0c                CRS_IRQHandler
                0x0000000008000a0c                EXTI4_IRQHandler
                0x0000000008000a0c                HRTIM1_TIMB_IRQHandler
                0x0000000008000a0c                FDCAN2_IT1_IRQHandler
                0x0000000008000a0c                ETH_IRQHandler
                0x0000000008000a0c                TIM1_UP_IRQHandler
                0x0000000008000a0c                BDMA_Channel4_IRQHandler
                0x0000000008000a0c                WWDG_IRQHandler
                0x0000000008000a0c                SPI6_IRQHandler
                0x0000000008000a0c                I2C4_EV_IRQHandler
                0x0000000008000a0c                MDIOS_IRQHandler
                0x0000000008000a0c                FDCAN2_IT0_IRQHandler
                0x0000000008000a0c                FDCAN1_IT0_IRQHandler
                0x0000000008000a0c                OTG_FS_WKUP_IRQHandler
                0x0000000008000a0c                DMA2D_IRQHandler
                0x0000000008000a0c                TIM1_BRK_IRQHandler
                0x0000000008000a0c                EXTI1_IRQHandler
                0x0000000008000a0c                SDMMC2_IRQHandler
                0x0000000008000a0c                BDMA_Channel3_IRQHandler
                0x0000000008000a0c                MDIOS_WKUP_IRQHandler
                0x0000000008000a0c                DFSDM1_FLT0_IRQHandler
                0x0000000008000a0c                SAI4_IRQHandler
                0x0000000008000a0c                I2C2_ER_IRQHandler
                0x0000000008000a0c                DMA2_Stream1_IRQHandler
                0x0000000008000a0c                FLASH_IRQHandler
                0x0000000008000a0c                BusFault_Handler
                0x0000000008000a0c                WAKEUP_PIN_IRQHandler
                0x0000000008000a0c                I2C1_ER_IRQHandler
                0x0000000008000a0c                FMC_IRQHandler
                0x0000000008000a0c                FDCAN_CAL_IRQHandler
                0x0000000008000a0c                SWPMI1_IRQHandler
                0x0000000008000a0c                COMP1_IRQHandler
                0x0000000008000a0c                LPTIM1_IRQHandler
                0x0000000008000a0c                I2C4_ER_IRQHandler
                0x0000000008000a0c                DMA2_Stream6_IRQHandler
                0x0000000008000a0c                RTC_Alarm_IRQHandler
 .text.Reset_Handler
                0x0000000008000a10       0x44 build/startup_stm32h750xx.o
                0x0000000008000a10                Reset_Handler
 .text._ZN5daisy8DaisyPodD2Ev
                0x0000000008000a54        0x4 build/Application.o
                0x0000000008000a54                daisy::DaisyPod::~DaisyPod()
                0x0000000008000a54                daisy::DaisyPod::~DaisyPod()
 .text.__tcf_0  0x0000000008000a58        0x4 build/Application.o
 .text._ZN10FFTMonitorD2Ev
                0x0000000008000a5c       0x10 build/Application.o
                0x0000000008000a5c                FFTMonitor::~FFTMonitor()
                0x0000000008000a5c                FFTMonitor::~FFTMonitor()
 .text._ZN3FFTD2Ev
                0x0000000008000a6c       0x1c build/Application.o
                0x0000000008000a6c                FFT::~FFT()
                0x0000000008000a6c                FFT::~FFT()
 .text._ZN3FFT11freeBuffersEv
                0x0000000008000a88       0x24 build/Application.o
                0x0000000008000a88                FFT::freeBuffers()
 *fill*         0x0000000008000aac        0x4 
 .text._ZN14WindowFunction19computeCoefficientsEv
                0x0000000008000ab0      0x1d8 build/Application.o
                0x0000000008000ab0                WindowFunction::computeCoefficients()
 .text._ZN10FFTMonitor12processFrameEv
                0x0000000008000c88      0x238 build/Application.o
                0x0000000008000c88                FFTMonitor::processFrame()
 .text.startup._GLOBAL__sub_I__Z13AudioCallbackPKPKfPPfj
                0x0000000008000ec0      0x110 build/Application.o
 .text._Z13AudioCallbackPKPKfPPfj
                0x0000000008000fd0       0x98 build/Application.o
                0x0000000008000fd0                AudioCallback(float const* const*, float**, unsigned int)
 .text.startup.main
                0x0000000008001068      0x338 build/Application.o
                0x0000000008001068                main
 .text._ZN10ControllerD2Ev
                0x00000000080013a0        0x4 build/Controller.o
                0x00000000080013a0                Controller::~Controller()
                0x00000000080013a0                Controller::~Controller()
 .text._ZN10ControllerD0Ev
                0x00000000080013a4       0x10 build/Controller.o
                0x00000000080013a4                Controller::~Controller()
 .text._ZN10ControllerC2EP9EqualizerS1_PN5daisy8DaisyPodE
                0x00000000080013b4       0x18 build/Controller.o
                0x00000000080013b4                Controller::Controller(Equalizer*, Equalizer*, daisy::DaisyPod*)
                0x00000000080013b4                Controller::Controller(Equalizer*, Equalizer*, daisy::DaisyPod*)
 .text._ZN10Controller8incParamEv
                0x00000000080013cc       0x20 build/Controller.o
                0x00000000080013cc                Controller::incParam()
 .text._ZN10Controller8getParamEv
                0x00000000080013ec        0x4 build/Controller.o
                0x00000000080013ec                Controller::getParam()
 .text._ZN10Controller6adjustEs
                0x00000000080013f0       0xa4 build/Controller.o
                0x00000000080013f0                Controller::adjust(short)
 .text._ZN10Controller9setBypassEb
                0x0000000008001494       0x10 build/Controller.o
                0x0000000008001494                Controller::setBypass(bool)
 .text._ZN10Controller10printParamEv
                0x00000000080014a4       0x6c build/Controller.o
                0x00000000080014a4                Controller::printParam()
 .text._ZN9EqualizerD2Ev
                0x0000000008001510        0x4 build/Equalizer.o
                0x0000000008001510                Equalizer::~Equalizer()
                0x0000000008001510                Equalizer::~Equalizer()
 .text._ZN9EqualizerD0Ev
                0x0000000008001514       0x10 build/Equalizer.o
                0x0000000008001514                Equalizer::~Equalizer()
 .text._ZN9Equalizer7ProcessEf
                0x0000000008001524       0x5c build/Equalizer.o
                0x0000000008001524                Equalizer::Process(float)
 .text._ZN9EqualizerC2Ev
                0x0000000008001580       0x10 build/Equalizer.o
                0x0000000008001580                Equalizer::Equalizer()
                0x0000000008001580                Equalizer::Equalizer()
 .text._ZN9Equalizer18updateEQParametersEs
                0x0000000008001590      0x3d4 build/Equalizer.o
                0x0000000008001590                Equalizer::updateEQParameters(short)
 .text._ZN9Equalizer4InitEi
                0x0000000008001964       0x80 build/Equalizer.o
                0x0000000008001964                Equalizer::Init(int)
 *fill*         0x00000000080019e4        0x4 
 .text._ZN9Equalizer12decParameterEs9PARAMETERf
                0x00000000080019e8       0xa0 build/Equalizer.o
                0x00000000080019e8                Equalizer::decParameter(short, PARAMETER, float)
 .text._ZN9Equalizer12incParameterEs9PARAMETERf
                0x0000000008001a88       0xa0 build/Equalizer.o
                0x0000000008001a88                Equalizer::incParameter(short, PARAMETER, float)
 .text._ZN9Equalizer12getParameterEs9PARAMETER
                0x0000000008001b28       0x40 build/Equalizer.o
                0x0000000008001b28                Equalizer::getParameter(short, PARAMETER)
 .text._ZN5daisy8DaisyPod10StartAudioEPFvPKPKfPPfjE
                0x0000000008001b68        0x4 ../../libDaisy//build/libdaisy.a(daisy_pod.o)
                0x0000000008001b68                daisy::DaisyPod::StartAudio(void (*)(float const* const*, float**, unsigned int))
 .text._ZN5daisy8DaisyPod17SetAudioBlockSizeEj
                0x0000000008001b6c       0x2c ../../libDaisy//build/libdaisy.a(daisy_pod.o)
                0x0000000008001b6c                daisy::DaisyPod::SetAudioBlockSize(unsigned int)
 .text._ZN5daisy8DaisyPod18SetAudioSampleRateENS_9SaiHandle6Config10SampleRateE
                0x0000000008001b98       0x2c ../../libDaisy//build/libdaisy.a(daisy_pod.o)
                0x0000000008001b98                daisy::DaisyPod::SetAudioSampleRate(daisy::SaiHandle::Config::SampleRate)
 .text._ZN5daisy8DaisyPod8StartAdcEv
                0x0000000008001bc4        0x8 ../../libDaisy//build/libdaisy.a(daisy_pod.o)
                0x0000000008001bc4                daisy::DaisyPod::StartAdc()
 .text._ZN5daisy8DaisyPod21ProcessAnalogControlsEv
                0x0000000008001bcc       0x18 ../../libDaisy//build/libdaisy.a(daisy_pod.o)
                0x0000000008001bcc                daisy::DaisyPod::ProcessAnalogControls()
 .text._ZN5daisy8DaisyPod22ProcessDigitalControlsEv
                0x0000000008001be4       0x20 ../../libDaisy//build/libdaisy.a(daisy_pod.o)
                0x0000000008001be4                daisy::DaisyPod::ProcessDigitalControls()
 .text._ZN5daisy8DaisyPod9ClearLedsEv
                0x0000000008001c04       0x3c ../../libDaisy//build/libdaisy.a(daisy_pod.o)
                0x0000000008001c04                daisy::DaisyPod::ClearLeds()
 .text._ZN5daisy8DaisyPod10UpdateLedsEv
                0x0000000008001c40       0x18 ../../libDaisy//build/libdaisy.a(daisy_pod.o)
                0x0000000008001c40                daisy::DaisyPod::UpdateLeds()
 .text._ZN5daisy8DaisyPod8InitLedsEv
                0x0000000008001c58       0x98 ../../libDaisy//build/libdaisy.a(daisy_pod.o)
                0x0000000008001c58                daisy::DaisyPod::InitLeds()
 .text._ZN5daisy8DaisyPod9InitKnobsEv
                0x0000000008001cf0       0x90 ../../libDaisy//build/libdaisy.a(daisy_pod.o)
                0x0000000008001cf0                daisy::DaisyPod::InitKnobs()
 .text._ZN5daisy8DaisyPod4InitEb
                0x0000000008001d80      0x128 ../../libDaisy//build/libdaisy.a(daisy_pod.o)
                0x0000000008001d80                daisy::DaisyPod::Init(bool)
 .text._ZN5daisy9DaisySeed9ConfigureEv
                0x0000000008001ea8        0x4 ../../libDaisy//build/libdaisy.a(daisy_seed.o)
                0x0000000008001ea8                daisy::DaisySeed::Configure()
 .text._ZN5daisy9DaisySeed10StartAudioEPFvPKPKfPPfjE
                0x0000000008001eac        0x8 ../../libDaisy//build/libdaisy.a(daisy_seed.o)
                0x0000000008001eac                daisy::DaisySeed::StartAudio(void (*)(float const* const*, float**, unsigned int))
 .text._ZN5daisy9DaisySeed18SetAudioSampleRateENS_9SaiHandle6Config10SampleRateE
                0x0000000008001eb4       0x38 ../../libDaisy//build/libdaisy.a(daisy_seed.o)
                0x0000000008001eb4                daisy::DaisySeed::SetAudioSampleRate(daisy::SaiHandle::Config::SampleRate)
 .text._ZN5daisy9DaisySeed17SetAudioBlockSizeEj
                0x0000000008001eec       0x38 ../../libDaisy//build/libdaisy.a(daisy_seed.o)
                0x0000000008001eec                daisy::DaisySeed::SetAudioBlockSize(unsigned int)
 .text._ZNK5daisy9DaisySeed17AudioCallbackRateEv
                0x0000000008001f24        0x8 ../../libDaisy//build/libdaisy.a(daisy_seed.o)
                0x0000000008001f24                daisy::DaisySeed::AudioCallbackRate() const
 .text._ZN5daisy9DaisySeed17CheckBoardVersionEv
                0x0000000008001f2c       0x6c ../../libDaisy//build/libdaisy.a(daisy_seed.o)
                0x0000000008001f2c                daisy::DaisySeed::CheckBoardVersion()
 .text._ZN5daisy9DaisySeed14ConfigureAudioEv
                0x0000000008001f98      0x10c ../../libDaisy//build/libdaisy.a(daisy_seed.o)
                0x0000000008001f98                daisy::DaisySeed::ConfigureAudio()
 .text._ZN5daisy9DaisySeed4InitEb
                0x00000000080020a4      0x108 ../../libDaisy//build/libdaisy.a(daisy_seed.o)
                0x00000000080020a4                daisy::DaisySeed::Init(bool)
 .text._ZN5daisy6Ak45564InitE12dsy_gpio_pin
                0x00000000080021ac       0x44 ../../libDaisy//build/libdaisy.a(codec_ak4556.o)
                0x00000000080021ac                daisy::Ak4556::Init(dsy_gpio_pin)
 .text._ZN5daisy6Wm873120WriteControlRegisterEht
                0x00000000080021f0       0x3c ../../libDaisy//build/libdaisy.a(codec_wm8731.o)
                0x00000000080021f0                daisy::Wm8731::WriteControlRegister(unsigned char, unsigned short)
 .text._ZN5daisy6Wm87314InitERKNS0_6ConfigENS_9I2CHandleE
                0x000000000800222c      0x1bc ../../libDaisy//build/libdaisy.a(codec_wm8731.o)
                0x000000000800222c                daisy::Wm8731::Init(daisy::Wm8731::Config const&, daisy::I2CHandle)
 .text._ZN11SdramHandle10DeviceInitEv
                0x00000000080023e8       0x98 ../../libDaisy//build/libdaisy.a(sdram.o)
                0x00000000080023e8                SdramHandle::DeviceInit()
 .text._ZN11SdramHandle4InitEv
                0x0000000008002480       0x7c ../../libDaisy//build/libdaisy.a(sdram.o)
                0x0000000008002480                SdramHandle::Init()
 .text.HAL_SDRAM_MspInit
                0x00000000080024fc      0x1a8 ../../libDaisy//build/libdaisy.a(sdram.o)
                0x00000000080024fc                HAL_SDRAM_MspInit
 .text._ZN5daisy11AudioHandle4Impl16InternalCallbackEPlS2_j
                0x00000000080026a4      0xbbc ../../libDaisy//build/libdaisy.a(audio.o)
                0x00000000080026a4                daisy::AudioHandle::Impl::InternalCallback(long*, long*, unsigned int)
 .text._ZN5daisy11AudioHandle4InitERKNS0_6ConfigENS_9SaiHandleE
                0x0000000008003260       0x70 ../../libDaisy//build/libdaisy.a(audio.o)
                0x0000000008003260                daisy::AudioHandle::Init(daisy::AudioHandle::Config const&, daisy::SaiHandle)
 .text._ZNK5daisy11AudioHandle9GetConfigEv
                0x00000000080032d0        0x8 ../../libDaisy//build/libdaisy.a(audio.o)
                0x00000000080032d0                daisy::AudioHandle::GetConfig() const
 .text._ZN5daisy11AudioHandle12SetBlockSizeEj
                0x00000000080032d8       0x1c ../../libDaisy//build/libdaisy.a(audio.o)
                0x00000000080032d8                daisy::AudioHandle::SetBlockSize(unsigned int)
 .text._ZN5daisy11AudioHandle13GetSampleRateEv
                0x00000000080032f4        0x8 ../../libDaisy//build/libdaisy.a(audio.o)
                0x00000000080032f4                daisy::AudioHandle::GetSampleRate()
 .text._ZN5daisy11AudioHandle13SetSampleRateENS_9SaiHandle6Config10SampleRateE
                0x00000000080032fc       0x88 ../../libDaisy//build/libdaisy.a(audio.o)
                0x00000000080032fc                daisy::AudioHandle::SetSampleRate(daisy::SaiHandle::Config::SampleRate)
 .text._ZN5daisy11AudioHandle5StartEPFvPKPKfPPfjE
                0x0000000008003384       0x44 ../../libDaisy//build/libdaisy.a(audio.o)
                0x0000000008003384                daisy::AudioHandle::Start(void (*)(float const* const*, float**, unsigned int))
 .text.startup._GLOBAL__sub_I__ZN5daisy11AudioHandle4Impl4InitENS0_6ConfigENS_9SaiHandleE
                0x00000000080033c8       0x24 ../../libDaisy//build/libdaisy.a(audio.o)
 .text._ZN5daisy13AnalogControl4InitEPtfbbf
                0x00000000080033ec       0x64 ../../libDaisy//build/libdaisy.a(ctrl.o)
                0x00000000080033ec                daisy::AnalogControl::Init(unsigned short*, float, bool, bool, float)
 .text._ZN5daisy13AnalogControl7ProcessEv
                0x0000000008003450       0x48 ../../libDaisy//build/libdaisy.a(ctrl.o)
                0x0000000008003450                daisy::AnalogControl::Process()
 .text._ZN5daisy13AnalogControl13SetSampleRateEf
                0x0000000008003498       0x58 ../../libDaisy//build/libdaisy.a(ctrl.o)
                0x0000000008003498                daisy::AnalogControl::SetSampleRate(float)
 .text._ZN5daisy7Encoder4InitE12dsy_gpio_pinS1_S1_f
                0x00000000080034f0       0x60 ../../libDaisy//build/libdaisy.a(encoder.o)
                0x00000000080034f0                daisy::Encoder::Init(dsy_gpio_pin, dsy_gpio_pin, dsy_gpio_pin, float)
 .text._ZN5daisy7Encoder8DebounceEv
                0x0000000008003550       0x7c ../../libDaisy//build/libdaisy.a(encoder.o)
                0x0000000008003550                daisy::Encoder::Debounce()
 .text._ZN5daisy9UsbHandleD2Ev
                0x00000000080035cc        0x4 ../../libDaisy//build/libdaisy.a(logger.o)
                0x00000000080035cc                daisy::UsbHandle::~UsbHandle()
                0x00000000080035cc                daisy::UsbHandle::~UsbHandle()
 .text._ZN5daisy6LoggerILNS_17LoggerDestinationE1EE11TransmitBufEv
                0x00000000080035d0       0x60 ../../libDaisy//build/libdaisy.a(logger.o)
                0x00000000080035d0                daisy::Logger<(daisy::LoggerDestination)1>::TransmitBuf()
 .text._ZN5daisy6LoggerILNS_17LoggerDestinationE1EE13AppendNewLineEv
                0x0000000008003630       0x60 ../../libDaisy//build/libdaisy.a(logger.o)
                0x0000000008003630                daisy::Logger<(daisy::LoggerDestination)1>::AppendNewLine()
 .text._ZN5daisy6LoggerILNS_17LoggerDestinationE1EE10PrintLineVEPKcSt9__va_list
                0x0000000008003690       0x30 ../../libDaisy//build/libdaisy.a(logger.o)
                0x0000000008003690                daisy::Logger<(daisy::LoggerDestination)1>::PrintLineV(char const*, std::__va_list)
 .text._ZN5daisy6LoggerILNS_17LoggerDestinationE1EE9PrintLineEPKcz
                0x00000000080036c0       0x1c ../../libDaisy//build/libdaisy.a(logger.o)
                0x00000000080036c0                daisy::Logger<(daisy::LoggerDestination)1>::PrintLine(char const*, ...)
 .text._ZN5daisy6LoggerILNS_17LoggerDestinationE1EE8StartLogEb
                0x00000000080036dc       0x40 ../../libDaisy//build/libdaisy.a(logger.o)
                0x00000000080036dc                daisy::Logger<(daisy::LoggerDestination)1>::StartLog(bool)
 .text.startup._GLOBAL__sub_I__ZN5daisy10LoggerImplILNS_17LoggerDestinationE1EE11usb_handle_E
                0x000000000800371c       0x2c ../../libDaisy//build/libdaisy.a(logger.o)
 .text._ZN5daisy17MidiUartTransport6ConfigC2Ev
                0x0000000008003748       0x28 ../../libDaisy//build/libdaisy.a(midi.o)
                0x0000000008003748                daisy::MidiUartTransport::Config::Config()
                0x0000000008003748                daisy::MidiUartTransport::Config::Config()
 .text._ZN5daisy10MidiParser5ResetEv
                0x0000000008003770        0xc ../../libDaisy//build/libdaisy.a(midi_parser.o)
                0x0000000008003770                daisy::MidiParser::Reset()
 .text._ZN5daisy6RgbLed4InitE12dsy_gpio_pinS1_S1_b
                0x000000000800377c       0x50 ../../libDaisy//build/libdaisy.a(rgb_led.o)
                0x000000000800377c                daisy::RgbLed::Init(dsy_gpio_pin, dsy_gpio_pin, dsy_gpio_pin, bool)
 .text._ZN5daisy6RgbLed8SetColorENS_5ColorE
                0x00000000080037cc       0x2c ../../libDaisy//build/libdaisy.a(rgb_led.o)
                0x00000000080037cc                daisy::RgbLed::SetColor(daisy::Color)
 .text._ZN5daisy6RgbLed6UpdateEv
                0x00000000080037f8       0x1c ../../libDaisy//build/libdaisy.a(rgb_led.o)
                0x00000000080037f8                daisy::RgbLed::Update()
 .text._ZN5daisy6Switch4InitE12dsy_gpio_pinf
                0x0000000008003814       0x34 ../../libDaisy//build/libdaisy.a(switch.o)
                0x0000000008003814                daisy::Switch::Init(dsy_gpio_pin, float)
 .text._ZN5daisy6Switch8DebounceEv
                0x0000000008003848       0x5c ../../libDaisy//build/libdaisy.a(switch.o)
                0x0000000008003848                daisy::Switch::Debounce()
 .text.DummyRxCallback
                0x00000000080038a4        0x4 ../../libDaisy//build/libdaisy.a(usb.o)
                0x00000000080038a4                DummyRxCallback
 .text._ZN5daisy9UsbHandle4InitENS0_9UsbPeriphE
                0x00000000080038a8      0x10c ../../libDaisy//build/libdaisy.a(usb.o)
                0x00000000080038a8                daisy::UsbHandle::Init(daisy::UsbHandle::UsbPeriph)
 .text._ZN5daisy9UsbHandle16TransmitInternalEPhj
                0x00000000080039b4       0x14 ../../libDaisy//build/libdaisy.a(usb.o)
                0x00000000080039b4                daisy::UsbHandle::TransmitInternal(unsigned char*, unsigned int)
 .text.OTG_FS_EP1_OUT_IRQHandler
                0x00000000080039c8        0xc ../../libDaisy//build/libdaisy.a(usb.o)
                0x00000000080039c8                OTG_FS_EP1_OUT_IRQHandler
 .text.OTG_FS_EP1_IN_IRQHandler
                0x00000000080039d4        0xc ../../libDaisy//build/libdaisy.a(usb.o)
                0x00000000080039d4                OTG_FS_EP1_IN_IRQHandler
 .text.OTG_FS_IRQHandler
                0x00000000080039e0        0xc ../../libDaisy//build/libdaisy.a(usb.o)
                0x00000000080039e0                OTG_FS_IRQHandler
 .text._ZN5daisy16AdcChannelConfig10InitSingleE12dsy_gpio_pinNS0_15ConversionSpeedE
                0x00000000080039ec       0x28 ../../libDaisy//build/libdaisy.a(adc.o)
                0x00000000080039ec                daisy::AdcChannelConfig::InitSingle(dsy_gpio_pin, daisy::AdcChannelConfig::ConversionSpeed)
 .text._ZN5daisy9AdcHandle4InitEPNS_16AdcChannelConfigEjNS0_12OverSamplingE
                0x0000000008003a14      0x41c ../../libDaisy//build/libdaisy.a(adc.o)
                0x0000000008003a14                daisy::AdcHandle::Init(daisy::AdcChannelConfig*, unsigned int, daisy::AdcHandle::OverSampling)
 .text._ZN5daisy9AdcHandle5StartEv
                0x0000000008003e30       0x2c ../../libDaisy//build/libdaisy.a(adc.o)
                0x0000000008003e30                daisy::AdcHandle::Start()
 .text._ZNK5daisy9AdcHandle6GetPtrEh
                0x0000000008003e5c       0x14 ../../libDaisy//build/libdaisy.a(adc.o)
                0x0000000008003e5c                daisy::AdcHandle::GetPtr(unsigned char) const
 .text.HAL_ADC_MspInit
                0x0000000008003e70       0x98 ../../libDaisy//build/libdaisy.a(adc.o)
                0x0000000008003e70                HAL_ADC_MspInit
 .text.DMA1_Stream2_IRQHandler
                0x0000000008003f08        0xc ../../libDaisy//build/libdaisy.a(adc.o)
                0x0000000008003f08                DMA1_Stream2_IRQHandler
 .text.HAL_ADC_ConvCpltCallback
                0x0000000008003f14      0x148 ../../libDaisy//build/libdaisy.a(adc.o)
                0x0000000008003f14                HAL_ADC_ConvCpltCallback
 .text.HAL_ADC_ErrorCallback
                0x000000000800405c        0x4 ../../libDaisy//build/libdaisy.a(adc.o)
                0x000000000800405c                HAL_ADC_ErrorCallback
 .text._ZN5daisy4GPIO4InitENS_3PinENS0_4ModeENS0_4PullENS0_5SpeedE
                0x0000000008004060      0x1cc ../../libDaisy//build/libdaisy.a(gpio.o)
                0x0000000008004060                daisy::GPIO::Init(daisy::Pin, daisy::GPIO::Mode, daisy::GPIO::Pull, daisy::GPIO::Speed)
 .text._ZN5daisy4GPIO4ReadEv
                0x000000000800422c       0x18 ../../libDaisy//build/libdaisy.a(gpio.o)
                0x000000000800422c                daisy::GPIO::Read()
 .text._ZN5daisy4GPIO5WriteEb
                0x0000000008004244       0x14 ../../libDaisy//build/libdaisy.a(gpio.o)
                0x0000000008004244                daisy::GPIO::Write(bool)
 .text.dsy_gpio_init
                0x0000000008004258      0x1b8 ../../libDaisy//build/libdaisy.a(gpio.o)
                0x0000000008004258                dsy_gpio_init
 .text.dsy_gpio_read
                0x0000000008004410       0x1c ../../libDaisy//build/libdaisy.a(gpio.o)
                0x0000000008004410                dsy_gpio_read
 .text.dsy_gpio_write
                0x000000000800442c       0x24 ../../libDaisy//build/libdaisy.a(gpio.o)
                0x000000000800442c                dsy_gpio_write
 .text._ZN5daisy9I2CHandle4Impl8InitPinsEv
                0x0000000008004450       0x58 ../../libDaisy//build/libdaisy.a(i2c.o)
                0x0000000008004450                daisy::I2CHandle::Impl::InitPins()
 .text.HAL_I2C_MspInit
                0x00000000080044a8      0x1b4 ../../libDaisy//build/libdaisy.a(i2c.o)
                0x00000000080044a8                HAL_I2C_MspInit
 .text.dsy_i2c_global_init
                0x000000000800465c       0x78 ../../libDaisy//build/libdaisy.a(i2c.o)
                0x000000000800465c                dsy_i2c_global_init
 .text.DMA1_Stream6_IRQHandler
                0x00000000080046d4       0x34 ../../libDaisy//build/libdaisy.a(i2c.o)
                0x00000000080046d4                DMA1_Stream6_IRQHandler
 .text.I2C1_EV_IRQHandler
                0x0000000008004708        0xc ../../libDaisy//build/libdaisy.a(i2c.o)
                0x0000000008004708                I2C1_EV_IRQHandler
 .text.I2C2_EV_IRQHandler
                0x0000000008004714        0xc ../../libDaisy//build/libdaisy.a(i2c.o)
                0x0000000008004714                I2C2_EV_IRQHandler
 .text.I2C3_EV_IRQHandler
                0x0000000008004720        0xc ../../libDaisy//build/libdaisy.a(i2c.o)
                0x0000000008004720                I2C3_EV_IRQHandler
 .text._ZN5daisy9I2CHandle4InitERKNS0_6ConfigE
                0x000000000800472c      0x12c ../../libDaisy//build/libdaisy.a(i2c.o)
                0x000000000800472c                daisy::I2CHandle::Init(daisy::I2CHandle::Config const&)
 .text._ZN5daisy9I2CHandle16TransmitBlockingEtPhtm
                0x0000000008004858       0x50 ../../libDaisy//build/libdaisy.a(i2c.o)
                0x0000000008004858                daisy::I2CHandle::TransmitBlocking(unsigned short, unsigned char*, unsigned short, unsigned long)
 .text.startup._GLOBAL__sub_I__ZN5daisy9I2CHandle4Impl10GlobalInitEv
                0x00000000080048a8       0x18 ../../libDaisy//build/libdaisy.a(i2c.o)
 .text._ZN5daisy10QSPIHandle4Impl11WriteEnableEv
                0x00000000080048c0       0x8c ../../libDaisy//build/libdaisy.a(qspi.o)
                0x00000000080048c0                daisy::QSPIHandle::Impl::WriteEnable()
 *fill*         0x000000000800494c        0x4 
 .text._ZN5daisy10QSPIHandle4Impl17DummyCyclesConfigENS0_6Config6DeviceE
                0x0000000008004950      0x118 ../../libDaisy//build/libdaisy.a(qspi.o)
                0x0000000008004950                daisy::QSPIHandle::Impl::DummyCyclesConfig(daisy::QSPIHandle::Config::Device)
 .text._ZN5daisy10QSPIHandle4Impl10QuadEnableEv
                0x0000000008004a68      0x158 ../../libDaisy//build/libdaisy.a(qspi.o)
                0x0000000008004a68                daisy::QSPIHandle::Impl::QuadEnable()
 .text._ZN5daisy10QSPIHandle4InitERKNS0_6ConfigE
                0x0000000008004bc0      0x198 ../../libDaisy//build/libdaisy.a(qspi.o)
                0x0000000008004bc0                daisy::QSPIHandle::Init(daisy::QSPIHandle::Config const&)
 .text.HAL_QSPI_MspInit
                0x0000000008004d58      0x11c ../../libDaisy//build/libdaisy.a(qspi.o)
                0x0000000008004d58                HAL_QSPI_MspInit
 .text.HAL_QSPI_MspDeInit
                0x0000000008004e74       0x54 ../../libDaisy//build/libdaisy.a(qspi.o)
                0x0000000008004e74                HAL_QSPI_MspDeInit
 .text.QUADSPI_IRQHandler
                0x0000000008004ec8        0xc ../../libDaisy//build/libdaisy.a(qspi.o)
                0x0000000008004ec8                QUADSPI_IRQHandler
 .text.startup._GLOBAL__sub_I__ZN5daisy10QSPIHandle4Impl4InitERKNS0_6ConfigE
                0x0000000008004ed4       0x28 ../../libDaisy//build/libdaisy.a(qspi.o)
 .text._ZN5daisy9SaiHandle4Impl7InitDmaENS1_15PeripheralBlockE
                0x0000000008004efc       0xa0 ../../libDaisy//build/libdaisy.a(sai.o)
                0x0000000008004efc                daisy::SaiHandle::Impl::InitDma(daisy::SaiHandle::Impl::PeripheralBlock)
 .text._ZN5daisy9SaiHandle4Impl8InitPinsEv
                0x0000000008004f9c       0xa8 ../../libDaisy//build/libdaisy.a(sai.o)
                0x0000000008004f9c                daisy::SaiHandle::Impl::InitPins()
 .text.HAL_SAI_MspInit
                0x0000000008005044      0x164 ../../libDaisy//build/libdaisy.a(sai.o)
                0x0000000008005044                HAL_SAI_MspInit
 .text.DMA1_Stream0_IRQHandler
                0x00000000080051a8        0xc ../../libDaisy//build/libdaisy.a(sai.o)
                0x00000000080051a8                DMA1_Stream0_IRQHandler
 .text.DMA1_Stream1_IRQHandler
                0x00000000080051b4        0xc ../../libDaisy//build/libdaisy.a(sai.o)
                0x00000000080051b4                DMA1_Stream1_IRQHandler
 .text.DMA1_Stream3_IRQHandler
                0x00000000080051c0        0xc ../../libDaisy//build/libdaisy.a(sai.o)
                0x00000000080051c0                DMA1_Stream3_IRQHandler
 .text.DMA1_Stream4_IRQHandler
                0x00000000080051cc        0xc ../../libDaisy//build/libdaisy.a(sai.o)
                0x00000000080051cc                DMA1_Stream4_IRQHandler
 .text.HAL_SAI_RxHalfCpltCallback
                0x00000000080051d8       0x78 ../../libDaisy//build/libdaisy.a(sai.o)
                0x00000000080051d8                HAL_SAI_RxHalfCpltCallback
 .text.HAL_SAI_RxCpltCallback
                0x0000000008005250       0x70 ../../libDaisy//build/libdaisy.a(sai.o)
                0x0000000008005250                HAL_SAI_RxCpltCallback
 .text._ZN5daisy9SaiHandle4InitERKNS0_6ConfigE
                0x00000000080052c0      0x1f0 ../../libDaisy//build/libdaisy.a(sai.o)
                0x00000000080052c0                daisy::SaiHandle::Init(daisy::SaiHandle::Config const&)
 .text._ZNK5daisy9SaiHandle9GetConfigEv
                0x00000000080054b0        0x4 ../../libDaisy//build/libdaisy.a(sai.o)
                0x00000000080054b0                daisy::SaiHandle::GetConfig() const
 .text._ZN5daisy9SaiHandle8StartDmaEPlS1_jPFvS1_S1_jE
                0x00000000080054b4       0xbc ../../libDaisy//build/libdaisy.a(sai.o)
                0x00000000080054b4                daisy::SaiHandle::StartDma(long*, long*, unsigned int, void (*)(long*, long*, unsigned int))
 .text._ZN5daisy9SaiHandle13GetSampleRateEv
                0x0000000008005570       0x24 ../../libDaisy//build/libdaisy.a(sai.o)
                0x0000000008005570                daisy::SaiHandle::GetSampleRate()
 .text._ZNK5daisy9SaiHandle9GetOffsetEv
                0x0000000008005594        0x8 ../../libDaisy//build/libdaisy.a(sai.o)
                0x0000000008005594                daisy::SaiHandle::GetOffset() const
 .text._ZL20UART_CheckRxListenerPN5daisy11UartHandler4ImplE
                0x000000000800559c       0x84 ../../libDaisy//build/libdaisy.a(uart.o)
 .text._ZN5daisy11UartHandler4Impl10StartDmaTxEPhjPFvPvEPFvS3_NS0_6ResultEES3_
                0x0000000008005620      0x184 ../../libDaisy//build/libdaisy.a(uart.o)
                0x0000000008005620                daisy::UartHandler::Impl::StartDmaTx(unsigned char*, unsigned int, void (*)(void*), void (*)(void*, daisy::UartHandler::Result), void*)
 .text._ZN5daisy11UartHandler4Impl10StartDmaRxEPhjPFvPvEPFvS3_NS0_6ResultEES3_
                0x00000000080057a4      0x184 ../../libDaisy//build/libdaisy.a(uart.o)
                0x00000000080057a4                daisy::UartHandler::Impl::StartDmaRx(unsigned char*, unsigned int, void (*)(void*), void (*)(void*, daisy::UartHandler::Result), void*)
 .text._ZN5daisy11UartHandler4Impl19DmaTransferFinishedEP20__UART_HandleTypeDefNS0_6ResultE
                0x0000000008005928       0xc0 ../../libDaisy//build/libdaisy.a(uart.o)
                0x0000000008005928                daisy::UartHandler::Impl::DmaTransferFinished(__UART_HandleTypeDef*, daisy::UartHandler::Result)
 .text._ZN5daisy11UartHandler4Impl8InitPinsEv
                0x00000000080059e8      0x154 ../../libDaisy//build/libdaisy.a(uart.o)
                0x00000000080059e8                daisy::UartHandler::Impl::InitPins()
 .text.HAL_UART_MspInit
                0x0000000008005b3c      0x210 ../../libDaisy//build/libdaisy.a(uart.o)
                0x0000000008005b3c                HAL_UART_MspInit
 .text.dsy_uart_global_init
                0x0000000008005d4c       0xfc ../../libDaisy//build/libdaisy.a(uart.o)
                0x0000000008005d4c                dsy_uart_global_init
 .text.USART1_IRQHandler
                0x0000000008005e48       0x2c ../../libDaisy//build/libdaisy.a(uart.o)
                0x0000000008005e48                USART1_IRQHandler
 .text.USART2_IRQHandler
                0x0000000008005e74       0x34 ../../libDaisy//build/libdaisy.a(uart.o)
                0x0000000008005e74                USART2_IRQHandler
 .text.USART3_IRQHandler
                0x0000000008005ea8       0x34 ../../libDaisy//build/libdaisy.a(uart.o)
                0x0000000008005ea8                USART3_IRQHandler
 .text.UART4_IRQHandler
                0x0000000008005edc       0x34 ../../libDaisy//build/libdaisy.a(uart.o)
                0x0000000008005edc                UART4_IRQHandler
 .text.UART5_IRQHandler
                0x0000000008005f10       0x34 ../../libDaisy//build/libdaisy.a(uart.o)
                0x0000000008005f10                UART5_IRQHandler
 .text.USART6_IRQHandler
                0x0000000008005f44       0x34 ../../libDaisy//build/libdaisy.a(uart.o)
                0x0000000008005f44                USART6_IRQHandler
 .text.UART7_IRQHandler
                0x0000000008005f78       0x34 ../../libDaisy//build/libdaisy.a(uart.o)
                0x0000000008005f78                UART7_IRQHandler
 .text.UART8_IRQHandler
                0x0000000008005fac       0x34 ../../libDaisy//build/libdaisy.a(uart.o)
                0x0000000008005fac                UART8_IRQHandler
 .text.LPUART1_IRQHandler
                0x0000000008005fe0       0x34 ../../libDaisy//build/libdaisy.a(uart.o)
                0x0000000008005fe0                LPUART1_IRQHandler
 .text.DMA1_Stream5_IRQHandler
                0x0000000008006014       0x34 ../../libDaisy//build/libdaisy.a(uart.o)
                0x0000000008006014                DMA1_Stream5_IRQHandler
 .text.DMA2_Stream4_IRQHandler
                0x0000000008006048       0x38 ../../libDaisy//build/libdaisy.a(uart.o)
                0x0000000008006048                DMA2_Stream4_IRQHandler
 .text.HAL_UART_TxCpltCallback
                0x0000000008006080        0x8 ../../libDaisy//build/libdaisy.a(uart.o)
                0x0000000008006080                HAL_UART_TxCpltCallback
 .text.HAL_UART_RxCpltCallback
                0x0000000008006088       0x94 ../../libDaisy//build/libdaisy.a(uart.o)
                0x0000000008006088                HAL_UART_RxCpltCallback
 .text.HAL_UART_RxHalfCpltCallback
                0x000000000800611c       0x90 ../../libDaisy//build/libdaisy.a(uart.o)
                0x000000000800611c                HAL_UART_RxHalfCpltCallback
 .text.HAL_UART_ErrorCallback
                0x00000000080061ac        0x8 ../../libDaisy//build/libdaisy.a(uart.o)
                0x00000000080061ac                HAL_UART_ErrorCallback
 .text._ZN5daisy11UartHandler4InitERKNS0_6ConfigE
                0x00000000080061b4       0xd4 ../../libDaisy//build/libdaisy.a(uart.o)
                0x00000000080061b4                daisy::UartHandler::Init(daisy::UartHandler::Config const&)
 .text.startup._GLOBAL__sub_I__Z19MapInstanceToHandleP13USART_TypeDef
                0x0000000008006288      0x194 ../../libDaisy//build/libdaisy.a(uart.o)
 .text.dsy_dma_init
                0x000000000800641c      0x100 ../../libDaisy//build/libdaisy.a(dma.o)
                0x000000000800641c                dsy_dma_init
 .text.dsy_dma_invalidate_cache_for_buffer
                0x000000000800651c       0x2c ../../libDaisy//build/libdaisy.a(dma.o)
                0x000000000800651c                dsy_dma_invalidate_cache_for_buffer
 .text._ZN5daisy11TimerHandleD2Ev
                0x0000000008006548        0x4 ../../libDaisy//build/libdaisy.a(system.o)
                0x0000000008006548                daisy::TimerHandle::~TimerHandle()
                0x0000000008006548                daisy::TimerHandle::~TimerHandle()
 .text.SysTick_Handler
                0x000000000800654c       0x10 ../../libDaisy//build/libdaisy.a(system.o)
                0x000000000800654c                SysTick_Handler
 .text.OTG_HS_EP1_OUT_IRQHandler
                0x000000000800655c       0x24 ../../libDaisy//build/libdaisy.a(system.o)
                0x000000000800655c                OTG_HS_EP1_OUT_IRQHandler
 .text.OTG_HS_EP1_IN_IRQHandler
                0x0000000008006580       0x24 ../../libDaisy//build/libdaisy.a(system.o)
                0x0000000008006580                OTG_HS_EP1_IN_IRQHandler
 .text.OTG_HS_IRQHandler
                0x00000000080065a4       0x24 ../../libDaisy//build/libdaisy.a(system.o)
                0x00000000080065a4                OTG_HS_IRQHandler
 .text.HardFault_Handler
                0x00000000080065c8       0xe0 ../../libDaisy//build/libdaisy.a(system.o)
                0x00000000080065c8                HardFault_Handler
 .text._ZN5daisy6System6GetNowEv
                0x00000000080066a8        0x4 ../../libDaisy//build/libdaisy.a(system.o)
                0x00000000080066a8                daisy::System::GetNow()
 .text._ZN5daisy6System7GetTickEv
                0x00000000080066ac        0xc ../../libDaisy//build/libdaisy.a(system.o)
                0x00000000080066ac                daisy::System::GetTick()
 .text._ZN5daisy6System5DelayEm
                0x00000000080066b8        0x4 ../../libDaisy//build/libdaisy.a(system.o)
                0x00000000080066b8                daisy::System::Delay(unsigned long)
 .text._ZN5daisy6System20GetBootloaderVersionEv
                0x00000000080066bc       0x34 ../../libDaisy//build/libdaisy.a(system.o)
                0x00000000080066bc                daisy::System::GetBootloaderVersion()
 .text._ZN5daisy6System15ConfigureClocksEv
                0x00000000080066f0      0x194 ../../libDaisy//build/libdaisy.a(system.o)
                0x00000000080066f0                daisy::System::ConfigureClocks()
 .text._ZN5daisy6System12ConfigureMpuEv
                0x0000000008006884       0x7c ../../libDaisy//build/libdaisy.a(system.o)
                0x0000000008006884                daisy::System::ConfigureMpu()
 .text._ZN5daisy6System4InitERKNS0_6ConfigE
                0x0000000008006900       0xec ../../libDaisy//build/libdaisy.a(system.o)
                0x0000000008006900                daisy::System::Init(daisy::System::Config const&)
 .text._ZN5daisy6System12GetPClk1FreqEv
                0x00000000080069ec        0x4 ../../libDaisy//build/libdaisy.a(system.o)
                0x00000000080069ec                daisy::System::GetPClk1Freq()
 .text._ZN5daisy6System22GetProgramMemoryRegionEv
                0x00000000080069f0       0x78 ../../libDaisy//build/libdaisy.a(system.o)
                0x00000000080069f0                daisy::System::GetProgramMemoryRegion()
 .text.startup._GLOBAL__sub_I__ZN5daisy9boot_infoE
                0x0000000008006a68       0x1c ../../libDaisy//build/libdaisy.a(system.o)
 .text.SystemInit
                0x0000000008006a84       0x9c ../../libDaisy//build/libdaisy.a(system_stm32h7xx.o)
                0x0000000008006a84                SystemInit
 .text.dummy_rx_callback
                0x0000000008006b20        0x4 ../../libDaisy//build/libdaisy.a(usbd_cdc_if.o)
                0x0000000008006b20                dummy_rx_callback
 .text.CDC_DeInit_FS
                0x0000000008006b24        0x4 ../../libDaisy//build/libdaisy.a(usbd_cdc_if.o)
 .text.CDC_Receive_FS
                0x0000000008006b28       0x2c ../../libDaisy//build/libdaisy.a(usbd_cdc_if.o)
 .text.CDC_Receive_HS
                0x0000000008006b54       0x2c ../../libDaisy//build/libdaisy.a(usbd_cdc_if.o)
 .text.CDC_Init_FS
                0x0000000008006b80       0x3c ../../libDaisy//build/libdaisy.a(usbd_cdc_if.o)
 .text.CDC_Init_HS
                0x0000000008006bbc       0x3c ../../libDaisy//build/libdaisy.a(usbd_cdc_if.o)
 .text.CDC_Control_FS
                0x0000000008006bf8       0x34 ../../libDaisy//build/libdaisy.a(usbd_cdc_if.o)
 .text.CDC_Control_HS
                0x0000000008006c2c       0x34 ../../libDaisy//build/libdaisy.a(usbd_cdc_if.o)
 .text.CDC_DeInit_HS
                0x0000000008006c60        0x4 ../../libDaisy//build/libdaisy.a(usbd_cdc_if.o)
 .text.CDC_Transmit_FS
                0x0000000008006c64       0x2c ../../libDaisy//build/libdaisy.a(usbd_cdc_if.o)
                0x0000000008006c64                CDC_Transmit_FS
 .text.HAL_PCD_MspInit
                0x0000000008006c90      0x144 ../../libDaisy//build/libdaisy.a(usbd_conf.o)
                0x0000000008006c90                HAL_PCD_MspInit
 .text.HAL_PCD_SetupStageCallback
                0x0000000008006dd4        0xc ../../libDaisy//build/libdaisy.a(usbd_conf.o)
                0x0000000008006dd4                HAL_PCD_SetupStageCallback
 .text.HAL_PCD_DataOutStageCallback
                0x0000000008006de0       0x14 ../../libDaisy//build/libdaisy.a(usbd_conf.o)
                0x0000000008006de0                HAL_PCD_DataOutStageCallback
 .text.HAL_PCD_DataInStageCallback
                0x0000000008006df4       0x14 ../../libDaisy//build/libdaisy.a(usbd_conf.o)
                0x0000000008006df4                HAL_PCD_DataInStageCallback
 .text.HAL_PCD_SOFCallback
                0x0000000008006e08        0x8 ../../libDaisy//build/libdaisy.a(usbd_conf.o)
                0x0000000008006e08                HAL_PCD_SOFCallback
 .text.HAL_PCD_ResetCallback
                0x0000000008006e10       0x24 ../../libDaisy//build/libdaisy.a(usbd_conf.o)
                0x0000000008006e10                HAL_PCD_ResetCallback
 .text.HAL_PCD_SuspendCallback
                0x0000000008006e34       0x30 ../../libDaisy//build/libdaisy.a(usbd_conf.o)
                0x0000000008006e34                HAL_PCD_SuspendCallback
 .text.HAL_PCD_ResumeCallback
                0x0000000008006e64        0x8 ../../libDaisy//build/libdaisy.a(usbd_conf.o)
                0x0000000008006e64                HAL_PCD_ResumeCallback
 .text.HAL_PCD_ISOOUTIncompleteCallback
                0x0000000008006e6c        0x8 ../../libDaisy//build/libdaisy.a(usbd_conf.o)
                0x0000000008006e6c                HAL_PCD_ISOOUTIncompleteCallback
 .text.HAL_PCD_ISOINIncompleteCallback
                0x0000000008006e74        0x8 ../../libDaisy//build/libdaisy.a(usbd_conf.o)
                0x0000000008006e74                HAL_PCD_ISOINIncompleteCallback
 .text.HAL_PCD_ConnectCallback
                0x0000000008006e7c        0x8 ../../libDaisy//build/libdaisy.a(usbd_conf.o)
                0x0000000008006e7c                HAL_PCD_ConnectCallback
 .text.HAL_PCD_DisconnectCallback
                0x0000000008006e84        0x8 ../../libDaisy//build/libdaisy.a(usbd_conf.o)
                0x0000000008006e84                HAL_PCD_DisconnectCallback
 .text.USBD_LL_Init
                0x0000000008006e8c       0xe4 ../../libDaisy//build/libdaisy.a(usbd_conf.o)
                0x0000000008006e8c                USBD_LL_Init
 .text.USBD_LL_Start
                0x0000000008006f70       0x1c ../../libDaisy//build/libdaisy.a(usbd_conf.o)
                0x0000000008006f70                USBD_LL_Start
 .text.USBD_LL_OpenEP
                0x0000000008006f8c       0x24 ../../libDaisy//build/libdaisy.a(usbd_conf.o)
                0x0000000008006f8c                USBD_LL_OpenEP
 .text.USBD_LL_CloseEP
                0x0000000008006fb0       0x1c ../../libDaisy//build/libdaisy.a(usbd_conf.o)
                0x0000000008006fb0                USBD_LL_CloseEP
 .text.USBD_LL_StallEP
                0x0000000008006fcc       0x1c ../../libDaisy//build/libdaisy.a(usbd_conf.o)
                0x0000000008006fcc                USBD_LL_StallEP
 .text.USBD_LL_ClearStallEP
                0x0000000008006fe8       0x1c ../../libDaisy//build/libdaisy.a(usbd_conf.o)
                0x0000000008006fe8                USBD_LL_ClearStallEP
 .text.USBD_LL_IsStallEP
                0x0000000008007004       0x28 ../../libDaisy//build/libdaisy.a(usbd_conf.o)
                0x0000000008007004                USBD_LL_IsStallEP
 .text.USBD_LL_SetUSBAddress
                0x000000000800702c       0x1c ../../libDaisy//build/libdaisy.a(usbd_conf.o)
                0x000000000800702c                USBD_LL_SetUSBAddress
 .text.USBD_LL_Transmit
                0x0000000008007048       0x1c ../../libDaisy//build/libdaisy.a(usbd_conf.o)
                0x0000000008007048                USBD_LL_Transmit
 .text.USBD_LL_PrepareReceive
                0x0000000008007064       0x1c ../../libDaisy//build/libdaisy.a(usbd_conf.o)
                0x0000000008007064                USBD_LL_PrepareReceive
 .text.USBD_LL_GetRxDataSize
                0x0000000008007080        0x8 ../../libDaisy//build/libdaisy.a(usbd_conf.o)
                0x0000000008007080                USBD_LL_GetRxDataSize
 .text.USBD_HS_DeviceDescriptor
                0x0000000008007088        0xc ../../libDaisy//build/libdaisy.a(usbd_desc.o)
                0x0000000008007088                USBD_HS_DeviceDescriptor
 .text.USBD_FS_DeviceDescriptor
                0x0000000008007094        0xc ../../libDaisy//build/libdaisy.a(usbd_desc.o)
                0x0000000008007094                USBD_FS_DeviceDescriptor
 .text.USBD_FS_LangIDStrDescriptor
                0x00000000080070a0        0xc ../../libDaisy//build/libdaisy.a(usbd_desc.o)
                0x00000000080070a0                USBD_FS_LangIDStrDescriptor
 .text.USBD_FS_ManufacturerStrDescriptor
                0x00000000080070ac       0x1c ../../libDaisy//build/libdaisy.a(usbd_desc.o)
                0x00000000080070ac                USBD_FS_ManufacturerStrDescriptor
 .text.USBD_HS_ProductStrDescriptor
                0x00000000080070c8       0x1c ../../libDaisy//build/libdaisy.a(usbd_desc.o)
                0x00000000080070c8                USBD_HS_ProductStrDescriptor
 .text.USBD_FS_ConfigStrDescriptor
                0x00000000080070e4       0x1c ../../libDaisy//build/libdaisy.a(usbd_desc.o)
                0x00000000080070e4                USBD_FS_ConfigStrDescriptor
 .text.USBD_FS_InterfaceStrDescriptor
                0x0000000008007100       0x1c ../../libDaisy//build/libdaisy.a(usbd_desc.o)
                0x0000000008007100                USBD_FS_InterfaceStrDescriptor
 .text.USBD_FS_ProductStrDescriptor
                0x000000000800711c       0x1c ../../libDaisy//build/libdaisy.a(usbd_desc.o)
                0x000000000800711c                USBD_FS_ProductStrDescriptor
 .text.USBD_HS_LangIDStrDescriptor
                0x0000000008007138        0xc ../../libDaisy//build/libdaisy.a(usbd_desc.o)
                0x0000000008007138                USBD_HS_LangIDStrDescriptor
 .text.USBD_HS_ManufacturerStrDescriptor
                0x0000000008007144       0x1c ../../libDaisy//build/libdaisy.a(usbd_desc.o)
                0x0000000008007144                USBD_HS_ManufacturerStrDescriptor
 .text.USBD_FS_SerialStrDescriptor
                0x0000000008007160      0x124 ../../libDaisy//build/libdaisy.a(usbd_desc.o)
                0x0000000008007160                USBD_FS_SerialStrDescriptor
 .text.USBD_HS_SerialStrDescriptor
                0x0000000008007284      0x124 ../../libDaisy//build/libdaisy.a(usbd_desc.o)
                0x0000000008007284                USBD_HS_SerialStrDescriptor
 .text.USBD_HS_InterfaceStrDescriptor
                0x00000000080073a8       0x1c ../../libDaisy//build/libdaisy.a(usbd_desc.o)
                0x00000000080073a8                USBD_HS_InterfaceStrDescriptor
 .text.USBD_HS_ConfigStrDescriptor
                0x00000000080073c4       0x1c ../../libDaisy//build/libdaisy.a(usbd_desc.o)
                0x00000000080073c4                USBD_HS_ConfigStrDescriptor
 .text.HAL_HCD_SOF_Callback
                0x00000000080073e0        0x8 ../../libDaisy//build/libdaisy.a(usbh_conf.o)
                0x00000000080073e0                HAL_HCD_SOF_Callback
 .text.HAL_HCD_Connect_Callback
                0x00000000080073e8        0x8 ../../libDaisy//build/libdaisy.a(usbh_conf.o)
                0x00000000080073e8                HAL_HCD_Connect_Callback
 .text.HAL_HCD_Disconnect_Callback
                0x00000000080073f0        0x8 ../../libDaisy//build/libdaisy.a(usbh_conf.o)
                0x00000000080073f0                HAL_HCD_Disconnect_Callback
 .text.HAL_HCD_HC_NotifyURBChange_Callback
                0x00000000080073f8        0x4 ../../libDaisy//build/libdaisy.a(usbh_conf.o)
                0x00000000080073f8                HAL_HCD_HC_NotifyURBChange_Callback
 .text.HAL_HCD_PortEnabled_Callback
                0x00000000080073fc        0x8 ../../libDaisy//build/libdaisy.a(usbh_conf.o)
                0x00000000080073fc                HAL_HCD_PortEnabled_Callback
 .text.HAL_HCD_PortDisabled_Callback
                0x0000000008007404        0x8 ../../libDaisy//build/libdaisy.a(usbh_conf.o)
                0x0000000008007404                HAL_HCD_PortDisabled_Callback
 .text.USBH_LL_Stop
                0x000000000800740c       0x1c ../../libDaisy//build/libdaisy.a(usbh_conf.o)
                0x000000000800740c                USBH_LL_Stop
 .text._ZN5daisy5Color4InitENS0_11PresetColorE
                0x0000000008007428       0x20 ../../libDaisy//build/libdaisy.a(color.o)
                0x0000000008007428                daisy::Color::Init(daisy::Color::PresetColor)
 .text.dsy_hal_map_get_port
                0x0000000008007448       0x10 ../../libDaisy//build/libdaisy.a(hal_map.o)
                0x0000000008007448                dsy_hal_map_get_port
 .text.dsy_hal_map_get_pin
                0x0000000008007458       0x10 ../../libDaisy//build/libdaisy.a(hal_map.o)
                0x0000000008007458                dsy_hal_map_get_pin
 .text.dsy_hal_map_gpio_clk_enable
                0x0000000008007468      0x150 ../../libDaisy//build/libdaisy.a(hal_map.o)
                0x0000000008007468                dsy_hal_map_gpio_clk_enable
 .text.HAL_MspInit
                0x00000000080075b8        0x4 ../../libDaisy//build/libdaisy.a(stm32h7xx_hal.o)
                0x00000000080075b8                HAL_MspInit
 .text.HAL_InitTick
                0x00000000080075bc       0x4c ../../libDaisy//build/libdaisy.a(stm32h7xx_hal.o)
                0x00000000080075bc                HAL_InitTick
 .text.HAL_Init
                0x0000000008007608       0x60 ../../libDaisy//build/libdaisy.a(stm32h7xx_hal.o)
                0x0000000008007608                HAL_Init
 .text.HAL_IncTick
                0x0000000008007668       0x18 ../../libDaisy//build/libdaisy.a(stm32h7xx_hal.o)
                0x0000000008007668                HAL_IncTick
 .text.HAL_GetTick
                0x0000000008007680        0xc ../../libDaisy//build/libdaisy.a(stm32h7xx_hal.o)
                0x0000000008007680                HAL_GetTick
 .text.HAL_Delay
                0x000000000800768c       0x24 ../../libDaisy//build/libdaisy.a(stm32h7xx_hal.o)
                0x000000000800768c                HAL_Delay
 .text.HAL_GetREVID
                0x00000000080076b0        0xc ../../libDaisy//build/libdaisy.a(stm32h7xx_hal.o)
                0x00000000080076b0                HAL_GetREVID
 .text.HAL_ADC_ConvHalfCpltCallback
                0x00000000080076bc        0x4 ../../libDaisy//build/libdaisy.a(stm32h7xx_hal_adc.o)
                0x00000000080076bc                HAL_ADC_ConvHalfCpltCallback
 .text.ADC_DMAHalfConvCplt
                0x00000000080076c0        0xc ../../libDaisy//build/libdaisy.a(stm32h7xx_hal_adc.o)
                0x00000000080076c0                ADC_DMAHalfConvCplt
 .text.ADC_DMAConvCplt
                0x00000000080076cc       0x6c ../../libDaisy//build/libdaisy.a(stm32h7xx_hal_adc.o)
                0x00000000080076cc                ADC_DMAConvCplt
 .text.ADC_DMAError
                0x0000000008007738       0x1c ../../libDaisy//build/libdaisy.a(stm32h7xx_hal_adc.o)
                0x0000000008007738                ADC_DMAError
 .text.HAL_ADC_ConfigChannel
                0x0000000008007754      0x3fc ../../libDaisy//build/libdaisy.a(stm32h7xx_hal_adc.o)
                0x0000000008007754                HAL_ADC_ConfigChannel
 .text.ADC_Enable
                0x0000000008007b50       0xac ../../libDaisy//build/libdaisy.a(stm32h7xx_hal_adc.o)
                0x0000000008007b50                ADC_Enable
 .text.HAL_ADC_Start_DMA
                0x0000000008007bfc      0x114 ../../libDaisy//build/libdaisy.a(stm32h7xx_hal_adc.o)
                0x0000000008007bfc                HAL_ADC_Start_DMA
 .text.ADC_Disable
                0x0000000008007d10       0x68 ../../libDaisy//build/libdaisy.a(stm32h7xx_hal_adc.o)
                0x0000000008007d10                ADC_Disable
 .text.ADC_ConfigureBoostMode
                0x0000000008007d78      0x184 ../../libDaisy//build/libdaisy.a(stm32h7xx_hal_adc.o)
                0x0000000008007d78                ADC_ConfigureBoostMode
 .text.HAL_ADC_Init
                0x0000000008007efc      0x218 ../../libDaisy//build/libdaisy.a(stm32h7xx_hal_adc.o)
                0x0000000008007efc                HAL_ADC_Init
 .text.HAL_ADCEx_Calibration_Start
                0x0000000008008114       0xa4 ../../libDaisy//build/libdaisy.a(stm32h7xx_hal_adc_ex.o)
                0x0000000008008114                HAL_ADCEx_Calibration_Start
 .text.HAL_ADCEx_MultiModeConfigChannel
                0x00000000080081b8       0xc4 ../../libDaisy//build/libdaisy.a(stm32h7xx_hal_adc_ex.o)
                0x00000000080081b8                HAL_ADCEx_MultiModeConfigChannel
 .text.HAL_NVIC_SetPriorityGrouping
                0x000000000800827c       0x24 ../../libDaisy//build/libdaisy.a(stm32h7xx_hal_cortex.o)
                0x000000000800827c                HAL_NVIC_SetPriorityGrouping
 .text.HAL_NVIC_SetPriority
                0x00000000080082a0       0x7c ../../libDaisy//build/libdaisy.a(stm32h7xx_hal_cortex.o)
                0x00000000080082a0                HAL_NVIC_SetPriority
 .text.HAL_NVIC_EnableIRQ
                0x000000000800831c       0x1c ../../libDaisy//build/libdaisy.a(stm32h7xx_hal_cortex.o)
                0x000000000800831c                HAL_NVIC_EnableIRQ
 .text.HAL_NVIC_DisableIRQ
                0x0000000008008338       0x28 ../../libDaisy//build/libdaisy.a(stm32h7xx_hal_cortex.o)
                0x0000000008008338                HAL_NVIC_DisableIRQ
 .text.HAL_SYSTICK_Config
                0x0000000008008360       0x2c ../../libDaisy//build/libdaisy.a(stm32h7xx_hal_cortex.o)
                0x0000000008008360                HAL_SYSTICK_Config
 .text.HAL_MPU_Disable
                0x000000000800838c       0x1c ../../libDaisy//build/libdaisy.a(stm32h7xx_hal_cortex.o)
                0x000000000800838c                HAL_MPU_Disable
 .text.HAL_MPU_Enable
                0x00000000080083a8       0x20 ../../libDaisy//build/libdaisy.a(stm32h7xx_hal_cortex.o)
                0x00000000080083a8                HAL_MPU_Enable
 .text.HAL_MPU_ConfigRegion
                0x00000000080083c8       0x64 ../../libDaisy//build/libdaisy.a(stm32h7xx_hal_cortex.o)
                0x00000000080083c8                HAL_MPU_ConfigRegion
 .text.HAL_SYSTICK_Callback
                0x000000000800842c        0x4 ../../libDaisy//build/libdaisy.a(stm32h7xx_hal_cortex.o)
                0x000000000800842c                HAL_SYSTICK_Callback
 .text.HAL_SYSTICK_IRQHandler
                0x0000000008008430        0x8 ../../libDaisy//build/libdaisy.a(stm32h7xx_hal_cortex.o)
                0x0000000008008430                HAL_SYSTICK_IRQHandler
 .text.DMA_CalcBaseAndBitshift
                0x0000000008008438       0xf4 ../../libDaisy//build/libdaisy.a(stm32h7xx_hal_dma.o)
 .text.DMA_CalcDMAMUXChannelBaseAndMask
                0x000000000800852c       0xd8 ../../libDaisy//build/libdaisy.a(stm32h7xx_hal_dma.o)
 .text.HAL_DMA_Init
                0x0000000008008604      0x37c ../../libDaisy//build/libdaisy.a(stm32h7xx_hal_dma.o)
                0x0000000008008604                HAL_DMA_Init
 .text.HAL_DMA_Start_IT
                0x0000000008008980      0x240 ../../libDaisy//build/libdaisy.a(stm32h7xx_hal_dma.o)
                0x0000000008008980                HAL_DMA_Start_IT
 .text.HAL_DMA_Abort_IT
                0x0000000008008bc0      0x134 ../../libDaisy//build/libdaisy.a(stm32h7xx_hal_dma.o)
                0x0000000008008bc0                HAL_DMA_Abort_IT
 .text.HAL_DMA_IRQHandler
                0x0000000008008cf4      0x6a0 ../../libDaisy//build/libdaisy.a(stm32h7xx_hal_dma.o)
                0x0000000008008cf4                HAL_DMA_IRQHandler
 .text.HAL_DMA_GetError
                0x0000000008009394        0x4 ../../libDaisy//build/libdaisy.a(stm32h7xx_hal_dma.o)
                0x0000000008009394                HAL_DMA_GetError
 .text.HAL_GPIO_Init
                0x0000000008009398      0x280 ../../libDaisy//build/libdaisy.a(stm32h7xx_hal_gpio.o)
                0x0000000008009398                HAL_GPIO_Init
 .text.HAL_GPIO_DeInit
                0x0000000008009618      0x190 ../../libDaisy//build/libdaisy.a(stm32h7xx_hal_gpio.o)
                0x0000000008009618                HAL_GPIO_DeInit
 .text.HAL_GPIO_ReadPin
                0x00000000080097a8        0xc ../../libDaisy//build/libdaisy.a(stm32h7xx_hal_gpio.o)
                0x00000000080097a8                HAL_GPIO_ReadPin
 .text.HAL_GPIO_WritePin
                0x00000000080097b4        0x8 ../../libDaisy//build/libdaisy.a(stm32h7xx_hal_gpio.o)
                0x00000000080097b4                HAL_GPIO_WritePin
 .text.HAL_HCD_IRQHandler
                0x00000000080097bc      0x780 ../../libDaisy//build/libdaisy.a(stm32h7xx_hal_hcd.o)
                0x00000000080097bc                HAL_HCD_IRQHandler
 .text.HAL_HCD_Stop
                0x0000000008009f3c       0x28 ../../libDaisy//build/libdaisy.a(stm32h7xx_hal_hcd.o)
                0x0000000008009f3c                HAL_HCD_Stop
 .text.I2C_WaitOnTXISFlagUntilTimeout
                0x0000000008009f64       0xb8 ../../libDaisy//build/libdaisy.a(stm32h7xx_hal_i2c.o)
 .text.I2C_WaitOnSTOPFlagUntilTimeout
                0x000000000800a01c       0xac ../../libDaisy//build/libdaisy.a(stm32h7xx_hal_i2c.o)
 .text.HAL_I2C_Init
                0x000000000800a0c8       0xac ../../libDaisy//build/libdaisy.a(stm32h7xx_hal_i2c.o)
                0x000000000800a0c8                HAL_I2C_Init
 .text.HAL_I2C_Master_Transmit
                0x000000000800a174      0x1a8 ../../libDaisy//build/libdaisy.a(stm32h7xx_hal_i2c.o)
                0x000000000800a174                HAL_I2C_Master_Transmit
 .text.HAL_I2C_Slave_Transmit
                0x000000000800a31c      0x1c8 ../../libDaisy//build/libdaisy.a(stm32h7xx_hal_i2c.o)
                0x000000000800a31c                HAL_I2C_Slave_Transmit
 .text.HAL_I2C_EV_IRQHandler
                0x000000000800a4e4       0x10 ../../libDaisy//build/libdaisy.a(stm32h7xx_hal_i2c.o)
                0x000000000800a4e4                HAL_I2C_EV_IRQHandler
 .text.HAL_I2C_GetState
                0x000000000800a4f4        0x8 ../../libDaisy//build/libdaisy.a(stm32h7xx_hal_i2c.o)
                0x000000000800a4f4                HAL_I2C_GetState
 .text.HAL_I2CEx_ConfigAnalogFilter
                0x000000000800a4fc       0x54 ../../libDaisy//build/libdaisy.a(stm32h7xx_hal_i2c_ex.o)
                0x000000000800a4fc                HAL_I2CEx_ConfigAnalogFilter
 .text.HAL_I2CEx_ConfigDigitalFilter
                0x000000000800a550       0x58 ../../libDaisy//build/libdaisy.a(stm32h7xx_hal_i2c_ex.o)
                0x000000000800a550                HAL_I2CEx_ConfigDigitalFilter
 .text.HAL_PCD_Init
                0x000000000800a5a8      0x12c ../../libDaisy//build/libdaisy.a(stm32h7xx_hal_pcd.o)
                0x000000000800a5a8                HAL_PCD_Init
 .text.HAL_PCD_Start
                0x000000000800a6d4       0x44 ../../libDaisy//build/libdaisy.a(stm32h7xx_hal_pcd.o)
                0x000000000800a6d4                HAL_PCD_Start
 .text.HAL_PCD_IRQHandler
                0x000000000800a718      0x69c ../../libDaisy//build/libdaisy.a(stm32h7xx_hal_pcd.o)
                0x000000000800a718                HAL_PCD_IRQHandler
 .text.HAL_PCD_SetAddress
                0x000000000800adb4       0x2c ../../libDaisy//build/libdaisy.a(stm32h7xx_hal_pcd.o)
                0x000000000800adb4                HAL_PCD_SetAddress
 .text.HAL_PCD_EP_Open
                0x000000000800ade0       0x7c ../../libDaisy//build/libdaisy.a(stm32h7xx_hal_pcd.o)
                0x000000000800ade0                HAL_PCD_EP_Open
 .text.HAL_PCD_EP_Close
                0x000000000800ae5c       0x6c ../../libDaisy//build/libdaisy.a(stm32h7xx_hal_pcd.o)
                0x000000000800ae5c                HAL_PCD_EP_Close
 .text.HAL_PCD_EP_Receive
                0x000000000800aec8       0x50 ../../libDaisy//build/libdaisy.a(stm32h7xx_hal_pcd.o)
                0x000000000800aec8                HAL_PCD_EP_Receive
 .text.HAL_PCD_EP_GetRxCount
                0x000000000800af18       0x14 ../../libDaisy//build/libdaisy.a(stm32h7xx_hal_pcd.o)
                0x000000000800af18                HAL_PCD_EP_GetRxCount
 .text.HAL_PCD_EP_Transmit
                0x000000000800af2c       0x50 ../../libDaisy//build/libdaisy.a(stm32h7xx_hal_pcd.o)
                0x000000000800af2c                HAL_PCD_EP_Transmit
 .text.HAL_PCD_EP_SetStall
                0x000000000800af7c       0x88 ../../libDaisy//build/libdaisy.a(stm32h7xx_hal_pcd.o)
                0x000000000800af7c                HAL_PCD_EP_SetStall
 .text.HAL_PCD_EP_ClrStall
                0x000000000800b004       0x78 ../../libDaisy//build/libdaisy.a(stm32h7xx_hal_pcd.o)
                0x000000000800b004                HAL_PCD_EP_ClrStall
 .text.HAL_PCDEx_SetTxFiFo
                0x000000000800b07c       0x54 ../../libDaisy//build/libdaisy.a(stm32h7xx_hal_pcd_ex.o)
                0x000000000800b07c                HAL_PCDEx_SetTxFiFo
 .text.HAL_PCDEx_SetRxFiFo
                0x000000000800b0d0        0xc ../../libDaisy//build/libdaisy.a(stm32h7xx_hal_pcd_ex.o)
                0x000000000800b0d0                HAL_PCDEx_SetRxFiFo
 .text.HAL_PCDEx_ActivateLPM
                0x000000000800b0dc       0x30 ../../libDaisy//build/libdaisy.a(stm32h7xx_hal_pcd_ex.o)
                0x000000000800b0dc                HAL_PCDEx_ActivateLPM
 .text.HAL_PCDEx_LPM_Callback
                0x000000000800b10c        0x4 ../../libDaisy//build/libdaisy.a(stm32h7xx_hal_pcd_ex.o)
                0x000000000800b10c                HAL_PCDEx_LPM_Callback
 .text.HAL_PWREx_ConfigSupply
                0x000000000800b110       0x4c ../../libDaisy//build/libdaisy.a(stm32h7xx_hal_pwr_ex.o)
                0x000000000800b110                HAL_PWREx_ConfigSupply
 .text.HAL_PWREx_EnableUSBVoltageDetector
                0x000000000800b15c       0x10 ../../libDaisy//build/libdaisy.a(stm32h7xx_hal_pwr_ex.o)
                0x000000000800b15c                HAL_PWREx_EnableUSBVoltageDetector
 .text.QSPI_Config
                0x000000000800b16c      0x174 ../../libDaisy//build/libdaisy.a(stm32h7xx_hal_qspi.o)
 .text.HAL_QSPI_Init
                0x000000000800b2e0       0xd8 ../../libDaisy//build/libdaisy.a(stm32h7xx_hal_qspi.o)
                0x000000000800b2e0                HAL_QSPI_Init
 .text.HAL_QSPI_DeInit
                0x000000000800b3b8       0x3c ../../libDaisy//build/libdaisy.a(stm32h7xx_hal_qspi.o)
                0x000000000800b3b8                HAL_QSPI_DeInit
 .text.HAL_QSPI_Command
                0x000000000800b3f4       0xd4 ../../libDaisy//build/libdaisy.a(stm32h7xx_hal_qspi.o)
                0x000000000800b3f4                HAL_QSPI_Command
 .text.HAL_QSPI_Transmit
                0x000000000800b4c8       0xfc ../../libDaisy//build/libdaisy.a(stm32h7xx_hal_qspi.o)
                0x000000000800b4c8                HAL_QSPI_Transmit
 .text.HAL_QSPI_Receive
                0x000000000800b5c4      0x108 ../../libDaisy//build/libdaisy.a(stm32h7xx_hal_qspi.o)
                0x000000000800b5c4                HAL_QSPI_Receive
 .text.HAL_QSPI_AutoPolling
                0x000000000800b6cc       0xf0 ../../libDaisy//build/libdaisy.a(stm32h7xx_hal_qspi.o)
                0x000000000800b6cc                HAL_QSPI_AutoPolling
 .text.HAL_QSPI_MemoryMapped
                0x000000000800b7bc       0xc0 ../../libDaisy//build/libdaisy.a(stm32h7xx_hal_qspi.o)
                0x000000000800b7bc                HAL_QSPI_MemoryMapped
 .text.HAL_QSPI_ErrorCallback
                0x000000000800b87c        0x4 ../../libDaisy//build/libdaisy.a(stm32h7xx_hal_qspi.o)
                0x000000000800b87c                HAL_QSPI_ErrorCallback
 .text.QSPI_DMAAbortCplt
                0x000000000800b880       0x38 ../../libDaisy//build/libdaisy.a(stm32h7xx_hal_qspi.o)
 .text.HAL_QSPI_AbortCpltCallback
                0x000000000800b8b8        0x4 ../../libDaisy//build/libdaisy.a(stm32h7xx_hal_qspi.o)
                0x000000000800b8b8                HAL_QSPI_AbortCpltCallback
 .text.HAL_QSPI_CmdCpltCallback
                0x000000000800b8bc        0x4 ../../libDaisy//build/libdaisy.a(stm32h7xx_hal_qspi.o)
                0x000000000800b8bc                HAL_QSPI_CmdCpltCallback
 .text.HAL_QSPI_RxCpltCallback
                0x000000000800b8c0        0x4 ../../libDaisy//build/libdaisy.a(stm32h7xx_hal_qspi.o)
                0x000000000800b8c0                HAL_QSPI_RxCpltCallback
 .text.HAL_QSPI_TxCpltCallback
                0x000000000800b8c4        0x4 ../../libDaisy//build/libdaisy.a(stm32h7xx_hal_qspi.o)
                0x000000000800b8c4                HAL_QSPI_TxCpltCallback
 .text.HAL_QSPI_FifoThresholdCallback
                0x000000000800b8c8        0x4 ../../libDaisy//build/libdaisy.a(stm32h7xx_hal_qspi.o)
                0x000000000800b8c8                HAL_QSPI_FifoThresholdCallback
 .text.HAL_QSPI_StatusMatchCallback
                0x000000000800b8cc        0x4 ../../libDaisy//build/libdaisy.a(stm32h7xx_hal_qspi.o)
                0x000000000800b8cc                HAL_QSPI_StatusMatchCallback
 .text.HAL_QSPI_TimeOutCallback
                0x000000000800b8d0        0x4 ../../libDaisy//build/libdaisy.a(stm32h7xx_hal_qspi.o)
                0x000000000800b8d0                HAL_QSPI_TimeOutCallback
 .text.HAL_QSPI_IRQHandler
                0x000000000800b8d4      0x210 ../../libDaisy//build/libdaisy.a(stm32h7xx_hal_qspi.o)
                0x000000000800b8d4                HAL_QSPI_IRQHandler
 .text.HAL_RCC_OscConfig
                0x000000000800bae4      0x51c ../../libDaisy//build/libdaisy.a(stm32h7xx_hal_rcc.o)
                0x000000000800bae4                HAL_RCC_OscConfig
 .text.HAL_RCC_GetSysClockFreq
                0x000000000800c000      0x140 ../../libDaisy//build/libdaisy.a(stm32h7xx_hal_rcc.o)
                0x000000000800c000                HAL_RCC_GetSysClockFreq
 .text.HAL_RCC_ClockConfig
                0x000000000800c140      0x234 ../../libDaisy//build/libdaisy.a(stm32h7xx_hal_rcc.o)
                0x000000000800c140                HAL_RCC_ClockConfig
 .text.HAL_RCC_GetHCLKFreq
                0x000000000800c374       0x2c ../../libDaisy//build/libdaisy.a(stm32h7xx_hal_rcc.o)
                0x000000000800c374                HAL_RCC_GetHCLKFreq
 .text.HAL_RCC_GetPCLK1Freq
                0x000000000800c3a0       0x38 ../../libDaisy//build/libdaisy.a(stm32h7xx_hal_rcc.o)
                0x000000000800c3a0                HAL_RCC_GetPCLK1Freq
 .text.HAL_RCC_GetPCLK2Freq
                0x000000000800c3d8       0x38 ../../libDaisy//build/libdaisy.a(stm32h7xx_hal_rcc.o)
                0x000000000800c3d8                HAL_RCC_GetPCLK2Freq
 .text.RCCEx_PLL2_Config
                0x000000000800c410       0xf4 ../../libDaisy//build/libdaisy.a(stm32h7xx_hal_rcc_ex.o)
 .text.RCCEx_PLL3_Config
                0x000000000800c504       0xf4 ../../libDaisy//build/libdaisy.a(stm32h7xx_hal_rcc_ex.o)
 .text.HAL_RCCEx_PeriphCLKConfig
                0x000000000800c5f8      0xa7c ../../libDaisy//build/libdaisy.a(stm32h7xx_hal_rcc_ex.o)
                0x000000000800c5f8                HAL_RCCEx_PeriphCLKConfig
 .text.HAL_RCCEx_GetD3PCLK1Freq
                0x000000000800d074       0x24 ../../libDaisy//build/libdaisy.a(stm32h7xx_hal_rcc_ex.o)
                0x000000000800d074                HAL_RCCEx_GetD3PCLK1Freq
 .text.HAL_RCCEx_GetPLL2ClockFreq
                0x000000000800d098      0x17c ../../libDaisy//build/libdaisy.a(stm32h7xx_hal_rcc_ex.o)
                0x000000000800d098                HAL_RCCEx_GetPLL2ClockFreq
 .text.HAL_RCCEx_GetPLL3ClockFreq
                0x000000000800d214      0x17c ../../libDaisy//build/libdaisy.a(stm32h7xx_hal_rcc_ex.o)
                0x000000000800d214                HAL_RCCEx_GetPLL3ClockFreq
 .text.HAL_RCCEx_GetPLL1ClockFreq
                0x000000000800d390      0x17c ../../libDaisy//build/libdaisy.a(stm32h7xx_hal_rcc_ex.o)
                0x000000000800d390                HAL_RCCEx_GetPLL1ClockFreq
 .text.HAL_RCCEx_GetPeriphCLKFreq
                0x000000000800d50c      0x198 ../../libDaisy//build/libdaisy.a(stm32h7xx_hal_rcc_ex.o)
                0x000000000800d50c                HAL_RCCEx_GetPeriphCLKFreq
 .text.HAL_RCCEx_GetD1SysClockFreq
                0x000000000800d6a4       0x2c ../../libDaisy//build/libdaisy.a(stm32h7xx_hal_rcc_ex.o)
                0x000000000800d6a4                HAL_RCCEx_GetD1SysClockFreq
 .text.HAL_SAI_Init.part.0
                0x000000000800d6d0      0x348 ../../libDaisy//build/libdaisy.a(stm32h7xx_hal_sai.o)
 .text.HAL_SAI_InitProtocol
                0x000000000800da18      0x178 ../../libDaisy//build/libdaisy.a(stm32h7xx_hal_sai.o)
                0x000000000800da18                HAL_SAI_InitProtocol
 .text.HAL_SAI_Transmit_DMA
                0x000000000800db90      0x124 ../../libDaisy//build/libdaisy.a(stm32h7xx_hal_sai.o)
                0x000000000800db90                HAL_SAI_Transmit_DMA
 .text.HAL_SAI_Receive_DMA
                0x000000000800dcb4       0xd0 ../../libDaisy//build/libdaisy.a(stm32h7xx_hal_sai.o)
                0x000000000800dcb4                HAL_SAI_Receive_DMA
 .text.HAL_SAI_TxCpltCallback
                0x000000000800dd84        0x4 ../../libDaisy//build/libdaisy.a(stm32h7xx_hal_sai.o)
                0x000000000800dd84                HAL_SAI_TxCpltCallback
 .text.SAI_DMATxCplt
                0x000000000800dd88       0x64 ../../libDaisy//build/libdaisy.a(stm32h7xx_hal_sai.o)
 .text.HAL_SAI_TxHalfCpltCallback
                0x000000000800ddec        0x4 ../../libDaisy//build/libdaisy.a(stm32h7xx_hal_sai.o)
                0x000000000800ddec                HAL_SAI_TxHalfCpltCallback
 .text.SAI_DMATxHalfCplt
                0x000000000800ddf0        0xc ../../libDaisy//build/libdaisy.a(stm32h7xx_hal_sai.o)
 .text.SAI_DMARxCplt
                0x000000000800ddfc       0x64 ../../libDaisy//build/libdaisy.a(stm32h7xx_hal_sai.o)
 .text.SAI_DMARxHalfCplt
                0x000000000800de60        0xc ../../libDaisy//build/libdaisy.a(stm32h7xx_hal_sai.o)
 .text.HAL_SAI_ErrorCallback
                0x000000000800de6c        0x4 ../../libDaisy//build/libdaisy.a(stm32h7xx_hal_sai.o)
                0x000000000800de6c                HAL_SAI_ErrorCallback
 .text.SAI_DMAError
                0x000000000800de70       0x6c ../../libDaisy//build/libdaisy.a(stm32h7xx_hal_sai.o)
 .text.HAL_SDRAM_Init
                0x000000000800dedc       0x54 ../../libDaisy//build/libdaisy.a(stm32h7xx_hal_sdram.o)
                0x000000000800dedc                HAL_SDRAM_Init
 .text.HAL_SDRAM_SendCommand
                0x000000000800df30       0x40 ../../libDaisy//build/libdaisy.a(stm32h7xx_hal_sdram.o)
                0x000000000800df30                HAL_SDRAM_SendCommand
 .text.HAL_SDRAM_ProgramRefreshRate
                0x000000000800df70       0x30 ../../libDaisy//build/libdaisy.a(stm32h7xx_hal_sdram.o)
                0x000000000800df70                HAL_SDRAM_ProgramRefreshRate
 .text.HAL_UART_Transmit_DMA
                0x000000000800dfa0       0xa4 ../../libDaisy//build/libdaisy.a(stm32h7xx_hal_uart.o)
                0x000000000800dfa0                HAL_UART_Transmit_DMA
 .text.HAL_UART_Receive_DMA
                0x000000000800e044       0xac ../../libDaisy//build/libdaisy.a(stm32h7xx_hal_uart.o)
                0x000000000800e044                HAL_UART_Receive_DMA
 .text.UART_DMATransmitCplt
                0x000000000800e0f0       0x2c ../../libDaisy//build/libdaisy.a(stm32h7xx_hal_uart.o)
 .text.HAL_UART_TxHalfCpltCallback
                0x000000000800e11c        0x4 ../../libDaisy//build/libdaisy.a(stm32h7xx_hal_uart.o)
                0x000000000800e11c                HAL_UART_TxHalfCpltCallback
 .text.UART_DMATxHalfCplt
                0x000000000800e120        0xc ../../libDaisy//build/libdaisy.a(stm32h7xx_hal_uart.o)
 .text.UART_DMAReceiveCplt
                0x000000000800e12c       0x38 ../../libDaisy//build/libdaisy.a(stm32h7xx_hal_uart.o)
 .text.UART_DMARxHalfCplt
                0x000000000800e164        0xc ../../libDaisy//build/libdaisy.a(stm32h7xx_hal_uart.o)
 .text.UART_DMAError
                0x000000000800e170       0x78 ../../libDaisy//build/libdaisy.a(stm32h7xx_hal_uart.o)
 .text.HAL_UART_IRQHandler
                0x000000000800e1e8      0x1d0 ../../libDaisy//build/libdaisy.a(stm32h7xx_hal_uart.o)
                0x000000000800e1e8                HAL_UART_IRQHandler
 .text.UART_DMAAbortOnError
                0x000000000800e3b8       0x14 ../../libDaisy//build/libdaisy.a(stm32h7xx_hal_uart.o)
 .text.HAL_UART_GetState
                0x000000000800e3cc        0xc ../../libDaisy//build/libdaisy.a(stm32h7xx_hal_uart.o)
                0x000000000800e3cc                HAL_UART_GetState
 .text.UART_SetConfig
                0x000000000800e3d8     0x14b8 ../../libDaisy//build/libdaisy.a(stm32h7xx_hal_uart.o)
                0x000000000800e3d8                UART_SetConfig
 .text.UART_AdvFeatureConfig
                0x000000000800f890       0xb0 ../../libDaisy//build/libdaisy.a(stm32h7xx_hal_uart.o)
                0x000000000800f890                UART_AdvFeatureConfig
 .text.UART_CheckIdleState
                0x000000000800f940       0x84 ../../libDaisy//build/libdaisy.a(stm32h7xx_hal_uart.o)
                0x000000000800f940                UART_CheckIdleState
 .text.HAL_UART_Init
                0x000000000800f9c4       0x68 ../../libDaisy//build/libdaisy.a(stm32h7xx_hal_uart.o)
                0x000000000800f9c4                HAL_UART_Init
 .text.HAL_UARTEx_WakeupCallback
                0x000000000800fa2c        0x4 ../../libDaisy//build/libdaisy.a(stm32h7xx_hal_uart_ex.o)
                0x000000000800fa2c                HAL_UARTEx_WakeupCallback
 .text.HAL_UARTEx_RxFifoFullCallback
                0x000000000800fa30        0x4 ../../libDaisy//build/libdaisy.a(stm32h7xx_hal_uart_ex.o)
                0x000000000800fa30                HAL_UARTEx_RxFifoFullCallback
 .text.HAL_UARTEx_TxFifoEmptyCallback
                0x000000000800fa34        0x4 ../../libDaisy//build/libdaisy.a(stm32h7xx_hal_uart_ex.o)
                0x000000000800fa34                HAL_UARTEx_TxFifoEmptyCallback
 .text.HAL_UARTEx_DisableFifoMode
                0x000000000800fa38       0x3c ../../libDaisy//build/libdaisy.a(stm32h7xx_hal_uart_ex.o)
                0x000000000800fa38                HAL_UARTEx_DisableFifoMode
 .text.HAL_UARTEx_SetTxFifoThreshold
                0x000000000800fa74       0xa4 ../../libDaisy//build/libdaisy.a(stm32h7xx_hal_uart_ex.o)
                0x000000000800fa74                HAL_UARTEx_SetTxFifoThreshold
 .text.HAL_UARTEx_SetRxFifoThreshold
                0x000000000800fb18       0xa4 ../../libDaisy//build/libdaisy.a(stm32h7xx_hal_uart_ex.o)
                0x000000000800fb18                HAL_UARTEx_SetRxFifoThreshold
 .text.FMC_SDRAM_Init
                0x000000000800fbbc       0x7c ../../libDaisy//build/libdaisy.a(stm32h7xx_ll_fmc.o)
                0x000000000800fbbc                FMC_SDRAM_Init
 .text.FMC_SDRAM_Timing_Init
                0x000000000800fc38       0x98 ../../libDaisy//build/libdaisy.a(stm32h7xx_ll_fmc.o)
                0x000000000800fc38                FMC_SDRAM_Timing_Init
 .text.FMC_SDRAM_SendCommand
                0x000000000800fcd0       0x28 ../../libDaisy//build/libdaisy.a(stm32h7xx_ll_fmc.o)
                0x000000000800fcd0                FMC_SDRAM_SendCommand
 .text.FMC_SDRAM_ProgramRefreshRate
                0x000000000800fcf8       0x1c ../../libDaisy//build/libdaisy.a(stm32h7xx_ll_fmc.o)
                0x000000000800fcf8                FMC_SDRAM_ProgramRefreshRate
 .text.USB_CoreInit
                0x000000000800fd14      0x124 ../../libDaisy//build/libdaisy.a(stm32h7xx_ll_usb.o)
                0x000000000800fd14                USB_CoreInit
 .text.USB_SetTurnaroundTime
                0x000000000800fe38      0x104 ../../libDaisy//build/libdaisy.a(stm32h7xx_ll_usb.o)
                0x000000000800fe38                USB_SetTurnaroundTime
 .text.USB_EnableGlobalInt
                0x000000000800ff3c       0x10 ../../libDaisy//build/libdaisy.a(stm32h7xx_ll_usb.o)
                0x000000000800ff3c                USB_EnableGlobalInt
 .text.USB_DisableGlobalInt
                0x000000000800ff4c       0x10 ../../libDaisy//build/libdaisy.a(stm32h7xx_ll_usb.o)
                0x000000000800ff4c                USB_DisableGlobalInt
 .text.USB_SetCurrentMode
                0x000000000800ff5c       0x30 ../../libDaisy//build/libdaisy.a(stm32h7xx_ll_usb.o)
                0x000000000800ff5c                USB_SetCurrentMode
 .text.USB_DevInit
                0x000000000800ff8c      0x20c ../../libDaisy//build/libdaisy.a(stm32h7xx_ll_usb.o)
                0x000000000800ff8c                USB_DevInit
 .text.USB_FlushTxFifo
                0x0000000008010198       0x34 ../../libDaisy//build/libdaisy.a(stm32h7xx_ll_usb.o)
                0x0000000008010198                USB_FlushTxFifo
 .text.USB_GetDevSpeed
                0x00000000080101cc       0x24 ../../libDaisy//build/libdaisy.a(stm32h7xx_ll_usb.o)
                0x00000000080101cc                USB_GetDevSpeed
 .text.USB_ActivateEndpoint
                0x00000000080101f0       0x90 ../../libDaisy//build/libdaisy.a(stm32h7xx_ll_usb.o)
                0x00000000080101f0                USB_ActivateEndpoint
 .text.USB_DeactivateEndpoint
                0x0000000008010280       0x84 ../../libDaisy//build/libdaisy.a(stm32h7xx_ll_usb.o)
                0x0000000008010280                USB_DeactivateEndpoint
 .text.USB_EPStartXfer
                0x0000000008010304      0x230 ../../libDaisy//build/libdaisy.a(stm32h7xx_ll_usb.o)
                0x0000000008010304                USB_EPStartXfer
 .text.USB_EP0StartXfer
                0x0000000008010534      0x174 ../../libDaisy//build/libdaisy.a(stm32h7xx_ll_usb.o)
                0x0000000008010534                USB_EP0StartXfer
 .text.USB_WritePacket
                0x00000000080106a8       0x2c ../../libDaisy//build/libdaisy.a(stm32h7xx_ll_usb.o)
                0x00000000080106a8                USB_WritePacket
 .text.USB_ReadPacket
                0x00000000080106d4       0x20 ../../libDaisy//build/libdaisy.a(stm32h7xx_ll_usb.o)
                0x00000000080106d4                USB_ReadPacket
 .text.USB_EPSetStall
                0x00000000080106f4       0x68 ../../libDaisy//build/libdaisy.a(stm32h7xx_ll_usb.o)
                0x00000000080106f4                USB_EPSetStall
 .text.USB_EPClearStall
                0x000000000801075c       0x58 ../../libDaisy//build/libdaisy.a(stm32h7xx_ll_usb.o)
                0x000000000801075c                USB_EPClearStall
 .text.USB_SetDevAddress
                0x00000000080107b4       0x24 ../../libDaisy//build/libdaisy.a(stm32h7xx_ll_usb.o)
                0x00000000080107b4                USB_SetDevAddress
 .text.USB_DevConnect
                0x00000000080107d8       0x1c ../../libDaisy//build/libdaisy.a(stm32h7xx_ll_usb.o)
                0x00000000080107d8                USB_DevConnect
 .text.USB_DevDisconnect
                0x00000000080107f4       0x1c ../../libDaisy//build/libdaisy.a(stm32h7xx_ll_usb.o)
                0x00000000080107f4                USB_DevDisconnect
 .text.USB_ReadInterrupts
                0x0000000008010810       0x14 ../../libDaisy//build/libdaisy.a(stm32h7xx_ll_usb.o)
                0x0000000008010810                USB_ReadInterrupts
 .text.USB_ReadDevAllOutEpInterrupt
                0x0000000008010824       0x1c ../../libDaisy//build/libdaisy.a(stm32h7xx_ll_usb.o)
                0x0000000008010824                USB_ReadDevAllOutEpInterrupt
 .text.USB_ReadDevAllInEpInterrupt
                0x0000000008010840       0x1c ../../libDaisy//build/libdaisy.a(stm32h7xx_ll_usb.o)
                0x0000000008010840                USB_ReadDevAllInEpInterrupt
 .text.USB_ReadDevOutEPInterrupt
                0x000000000801085c       0x1c ../../libDaisy//build/libdaisy.a(stm32h7xx_ll_usb.o)
                0x000000000801085c                USB_ReadDevOutEPInterrupt
 .text.USB_ReadDevInEPInterrupt
                0x0000000008010878       0x38 ../../libDaisy//build/libdaisy.a(stm32h7xx_ll_usb.o)
                0x0000000008010878                USB_ReadDevInEPInterrupt
 .text.USB_GetMode
                0x00000000080108b0        0x8 ../../libDaisy//build/libdaisy.a(stm32h7xx_ll_usb.o)
                0x00000000080108b0                USB_GetMode
 .text.USB_ActivateSetup
                0x00000000080108b8       0x38 ../../libDaisy//build/libdaisy.a(stm32h7xx_ll_usb.o)
                0x00000000080108b8                USB_ActivateSetup
 .text.USB_EP0_OutStart
                0x00000000080108f0       0x58 ../../libDaisy//build/libdaisy.a(stm32h7xx_ll_usb.o)
                0x00000000080108f0                USB_EP0_OutStart
 .text.USB_InitFSLSPClkSel
                0x0000000008010948       0x44 ../../libDaisy//build/libdaisy.a(stm32h7xx_ll_usb.o)
                0x0000000008010948                USB_InitFSLSPClkSel
 .text.USB_HC_ReadInterrupt
                0x000000000801098c        0x8 ../../libDaisy//build/libdaisy.a(stm32h7xx_ll_usb.o)
                0x000000000801098c                USB_HC_ReadInterrupt
 .text.USB_HC_Halt
                0x0000000008010994       0xc0 ../../libDaisy//build/libdaisy.a(stm32h7xx_ll_usb.o)
                0x0000000008010994                USB_HC_Halt
 .text.USB_StopHost
                0x0000000008010a54      0x2ec ../../libDaisy//build/libdaisy.a(stm32h7xx_ll_usb.o)
                0x0000000008010a54                USB_StopHost
 .text.USBD_CDC_EP0_RxReady
                0x0000000008010d40       0x2c ../../libDaisy//build/libdaisy.a(usbd_cdc.o)